Component: ARM Compiler 5.06 update 1 (build 61) Tool: armlink [4d35a8]

==============================================================================

Section Cross References

    main.o(.text) refers to os_task.o(.text) for OSTaskResume
    main.o(.text) refers to tb6612.o(.text) for motor_stop
    main.o(.text) refers to auto.o(.text) for yanbian
    main.o(.text) refers to delay.o(.text) for delay_ms
    main.o(.text) refers to simulate.o(.text) for posgo
    main.o(.text) refers to stm32f4xx_gpio.o(.text) for GPIO_ReadInputDataBit
    main.o(.text) refers to usartx.o(.text) for usart3_send
    main.o(.text) refers to os_core.o(.text) for OSStatInit
    main.o(.text) refers to os_cpu_a.o(.text) for OS_CPU_SR_Save
    main.o(.text) refers to usart.o(.text) for uart_init
    main.o(.text) refers to pwm.o(.text) for TIM1_PWM_Init
    main.o(.text) refers to adc.o(.text) for GPIO_ADC_Init
    main.o(.text) refers to encoder.o(.text) for Encoder_Init_TIM2
    main.o(.text) refers to usartx.o(.data) for Yuyin
    main.o(.text) refers to simulate.o(.data) for xtarget
    main.o(.text) refers to adc.o(.bss) for ADC_ConvertedValue
    main.o(.text) refers to auto.o(.data) for a1
    main.o(.text) refers to pwm.o(.data) for x_tran
    main.o(.text) refers to main.o(.bss) for SEND_TASK_STK
    system_stm32f4xx.o(.text) refers to system_stm32f4xx.o(.data) for SystemCoreClock
    led.o(.text) refers to stm32f4xx_rcc.o(.text) for RCC_AHB1PeriphClockCmd
    led.o(.text) refers to stm32f4xx_gpio.o(.text) for GPIO_Init
    beep.o(.text) refers to stm32f4xx_rcc.o(.text) for RCC_AHB1PeriphClockCmd
    beep.o(.text) refers to stm32f4xx_gpio.o(.text) for GPIO_Init
    key.o(.text) refers to stm32f4xx_rcc.o(.text) for RCC_AHB1PeriphClockCmd
    key.o(.text) refers to stm32f4xx_gpio.o(.text) for GPIO_Init
    key.o(.text) refers to delay.o(.text) for delay_ms
    key.o(.text) refers to key.o(.data) for key_up
    adc.o(.text) refers to stm32f4xx_rcc.o(.text) for RCC_AHB1PeriphClockCmd
    adc.o(.text) refers to stm32f4xx_gpio.o(.text) for GPIO_Init
    adc.o(.text) refers to stm32f4xx_adc.o(.text) for ADC_Init
    adc.o(.text) refers to stm32f4xx_dma.o(.text) for DMA_Init
    adc.o(.text) refers to adc.o(.bss) for ADC_ConvertedValue
    auto.o(.text) refers to tb6612.o(.text) for motor_stop
    auto.o(.text) refers to delay.o(.text) for delay_ms
    auto.o(.text) refers to dflt_clz.o(x$fpl$dflt) for __aeabi_i2d
    auto.o(.text) refers to pow.o(i.__hardfp_pow) for __hardfp_pow
    auto.o(.text) refers to dmul.o(x$fpl$dmul) for __aeabi_dmul
    auto.o(.text) refers to f2d.o(x$fpl$f2d) for __aeabi_f2d
    auto.o(.text) refers to daddsub_clz.o(x$fpl$dadd) for __aeabi_dadd
    auto.o(.text) refers to d2f.o(x$fpl$d2f) for __aeabi_d2f
    auto.o(.text) refers to simulate.o(.text) for turn
    auto.o(.text) refers to auto.o(.data) for a1
    auto.o(.text) refers to pwm.o(.data) for theta
    auto.o(.text) refers to simulate.o(.data) for turntheta
    dealadc.o(.text) refers to stm32f4xx_adc.o(.text) for ADC_DMACmd
    dealadc.o(.text) refers to dealadc.o(.data) for testflag
    dealadc.o(.text) refers to dealadc.o(.bss) for current_ADC
    dealadc.o(.text) refers to adc.o(.bss) for ADC_ConvertedValue
    encoder.o(.text) refers to stm32f4xx_rcc.o(.text) for RCC_APB1PeriphClockCmd
    encoder.o(.text) refers to stm32f4xx_gpio.o(.text) for GPIO_Init
    encoder.o(.text) refers to stm32f4xx_tim.o(.text) for TIM_TimeBaseStructInit
    pwm.o(.text) refers to stm32f4xx_gpio.o(.text) for GPIO_SetBits
    pwm.o(.text) refers to delay.o(.text) for delay_us
    pwm.o(.text) refers to stm32f4xx_rcc.o(.text) for RCC_APB1PeriphClockCmd
    pwm.o(.text) refers to stm32f4xx_tim.o(.text) for TIM_TimeBaseInit
    pwm.o(.text) refers to misc.o(.text) for NVIC_Init
    pwm.o(.text) refers to encoder.o(.text) for Read_Encoder
    pwm.o(.text) refers to f2d.o(x$fpl$f2d) for __aeabi_f2d
    pwm.o(.text) refers to sin.o(i.__hardfp_sin) for __hardfp_sin
    pwm.o(.text) refers to dmul.o(x$fpl$dmul) for __aeabi_dmul
    pwm.o(.text) refers to d2f.o(x$fpl$d2f) for __aeabi_d2f
    pwm.o(.text) refers to cos.o(i.__hardfp_cos) for __hardfp_cos
    pwm.o(.text) refers to daddsub_clz.o(x$fpl$drsb) for __aeabi_drsub
    pwm.o(.text) refers to daddsub_clz.o(x$fpl$dsub) for __aeabi_dsub
    pwm.o(.text) refers to daddsub_clz.o(x$fpl$dadd) for __aeabi_dadd
    pwm.o(.text) refers to pwm.o(.data) for b
    simulate.o(.text) refers to f2d.o(x$fpl$f2d) for __aeabi_f2d
    simulate.o(.text) refers to dmul.o(x$fpl$dmul) for __aeabi_dmul
    simulate.o(.text) refers to daddsub_clz.o(x$fpl$dadd) for __aeabi_dadd
    simulate.o(.text) refers to d2f.o(x$fpl$d2f) for __aeabi_d2f
    simulate.o(.text) refers to sqrt.o(i.__hardfp_sqrt) for __hardfp_sqrt
    simulate.o(.text) refers to simulate.o(.data) for pid_p
    simulate.o(.text) refers to pwm.o(.data) for x0
    simulate.o(.text) refers to atan.o(i.__hardfp_atan) for __hardfp_atan
[...]
    __rt_lib_shutdown_heap_1                 0x08000227   Thumb Code     0  libshutdown2.o(.ARM.Collect$$libshutdown$$0000000F)
    __rt_lib_shutdown_return                 0x08000227   Thumb Code     0  libshutdown2.o(.ARM.Collect$$libshutdown$$00000010)
    __rt_lib_shutdown_signal_1               0x08000227   Thumb Code     0  libshutdown2.o(.ARM.Collect$$libshutdown$$0000000A)
    __rt_lib_shutdown_stdio_1                0x08000227   Thumb Code     0  libshutdown2.o(.ARM.Collect$$libshutdown$$00000004)
    __rt_lib_shutdown_user_alloc_1           0x08000227   Thumb Code     0  libshutdown2.o(.ARM.Collect$$libshutdown$$0000000C)
    __rt_entry                               0x08000229   Thumb Code     0  __rtentry.o(.ARM.Collect$$rtentry$$00000000)
    __rt_entry_presh_1                       0x08000229   Thumb Code     0  __rtentry2.o(.ARM.Collect$$rtentry$$00000002)
    __rt_entry_sh                            0x08000229   Thumb Code     0  __rtentry4.o(.ARM.Collect$$rtentry$$00000004)
    __rt_entry_li                            0x0800022f   Thumb Code     0  __rtentry2.o(.ARM.Collect$$rtentry$$0000000A)
    __rt_entry_postsh_1                      0x0800022f   Thumb Code     0  __rtentry2.o(.ARM.Collect$$rtentry$$00000009)
    __rt_entry_main                          0x08000233   Thumb Code     0  __rtentry2.o(.ARM.Collect$$rtentry$$0000000D)
    __rt_entry_postli_1                      0x08000233   Thumb Code     0  __rtentry2.o(.ARM.Collect$$rtentry$$0000000C)
    __rt_exit                                0x0800023b   Thumb Code     0  rtexit.o(.ARM.Collect$$rtexit$$00000000)
    __rt_exit_ls                             0x0800023d   Thumb Code     0  rtexit2.o(.ARM.Collect$$rtexit$$00000003)
    __rt_exit_prels_1                        0x0800023d   Thumb Code     0  rtexit2.o(.ARM.Collect$$rtexit$$00000002)
    __rt_exit_exit                           0x08000241   Thumb Code     0  rtexit2.o(.ARM.Collect$$rtexit$$00000004)
    yuyin_task                               0x08000249   Thumb Code   104  main.o(.text)
    go_task                                  0x080002b1   Thumb Code    50  main.o(.text)
    check_task                               0x080002e3   Thumb Code    94  main.o(.text)
    rec_task                                 0x08000341   Thumb Code   200  main.o(.text)
    auto_task                                0x08000409   Thumb Code    14  main.o(.text)
    send_task                                0x08000417   Thumb Code    26  main.o(.text)
    start_task                               0x08000431   Thumb Code   128  main.o(.text)
    main                                     0x080004b1   Thumb Code   100  main.o(.text)
    NMI_Handler                              0x0800057d   Thumb Code     2  stm32f4xx_it.o(.text)
    HardFault_Handler                        0x0800057f   Thumb Code     4  stm32f4xx_it.o(.text)
    MemManage_Handler                        0x08000583   Thumb Code     4  stm32f4xx_it.o(.text)
    BusFault_Handler                         0x08000587   Thumb Code     4  stm32f4xx_it.o(.text)
    UsageFault_Handler                       0x0800058b   Thumb Code     4  stm32f4xx_it.o(.text)
    SVC_Handler                              0x0800058f   Thumb Code     2  stm32f4xx_it.o(.text)
    DebugMon_Handler                         0x08000591   Thumb Code     2  stm32f4xx_it.o(.text)
    SystemInit                               0x08000671   Thumb Code    88  system_stm32f4xx.o(.text)
    SystemCoreClockUpdate                    0x080006c9   Thumb Code   174  system_stm32f4xx.o(.text)
    GPIO_ADC_Init                            0x080007a5   Thumb Code    76  adc.o(.text)
    ADC_Config                               0x080007f1   Thumb Code   190  adc.o(.text)
    DMA_Config                               0x080008af   Thumb Code    74  adc.o(.text)
    automove                                 0x08000911   Thumb Code   222  auto.o(.text)
    autotest                                 0x080009ef   Thumb Code   106  auto.o(.text)
    walkbyhui                                0x08000a59   Thumb Code   374  auto.o(.text)
    yanbian                                  0x08000bcf   Thumb Code   254  auto.o(.text)
    Encoder_Init_TIM2                        0x08000d21   Thumb Code   224  encoder.o(.text)
    Encoder_Init_TIM5                        0x08000e01   Thumb Code   178  encoder.o(.text)
    Read_Encoder                             0x08000eb3   Thumb Code    56  encoder.o(.text)
    TIM2_IRQHandler                          0x08000eeb   Thumb Code    24  encoder.o(.text)
    TIM5_IRQHandler                          0x08000f03   Thumb Code    24  encoder.o(.text)
    softwarePWM_PB12                         0x08000f29   Thumb Code    40  pwm.o(.text)
    TIM14_Int_Init                           0x08000f51   Thumb Code    88  pwm.o(.text)
    TIM8_TRG_COM_TIM14_IRQHandler            0x08000fa9   Thumb Code  1082  pwm.o(.text)
    TIM4_PWM_Init                            0x080013e3   Thumb Code   164  pwm.o(.text)
    TIM1_PWM_Init                            0x08001487   Thumb Code   278  pwm.o(.text)
    TIM3_Int_Init                            0x0800159d   Thumb Code    96  pwm.o(.text)
    TIM3_IRQHandler                          0x080015fd   Thumb Code    20  pwm.o(.text)
    TIM6_DAC_IRQHandler                      0x08001611   Thumb Code    22  pwm.o(.text)
    TIM6_Int_Init                            0x08001627   Thumb Code    88  pwm.o(.text)
    PID_V_L                                  0x080016ad   Thumb Code   256  simulate.o(.text)
    PID_V_R                                  0x080017ad   Thumb Code   340  simulate.o(.text)
    pos_pid_a                                0x08001901   Thumb Code   136  simulate.o(.text)
    pos_pid_b                                0x08001989   Thumb Code   136  simulate.o(.text)
    postarget                                0x08001a11   Thumb Code   440  simulate.o(.text)
    postarget2                               0x08001bc9   Thumb Code   318  simulate.o(.text)
    pwm_limit                                0x08001d07   Thumb Code    20  simulate.o(.text)
    velpid                                   0x08001d1b   Thumb Code   124  simulate.o(.text)
    pospid                                   0x08001d97   Thumb Code   112  simulate.o(.text)
    thetapid                                 0x08001e07   Thumb Code   142  simulate.o(.text)
    turncontrol                              0x08001e95   Thumb Code    52  simulate.o(.text)
    turn                                     0x08001ec9   Thumb Code   136  simulate.o(.text)
    normalize_angle                          0x08001f51   Thumb Code   288  simulate.o(.text)
    go                                       0x08002071   Thumb Code   414  simulate.o(.text)
    posgo                                    0x0800220f   Thumb Code   820  simulate.o(.text)
    Gpio_Init                                0x08002561   Thumb Code   152  tb6612.o(.text)
    motor_forward                            0x080025f9   Thumb Code    70  tb6612.o(.text)
    motorleft_set                            0x0800263f   Thumb Code    74  tb6612.o(.text)
    motorright_set                           0x08002689   Thumb Code    78  tb6612.o(.text)
    motor_back                               0x080026d7   Thumb Code    70  tb6612.o(.text)
    motor_left                               0x0800271d   Thumb Code    70  tb6612.o(.text)
    motor_right                              0x08002763   Thumb Code    70  tb6612.o(.text)
    motor_stop                               0x080027a9   Thumb Code    52  tb6612.o(.text)
    uart3_init                               0x080027f1   Thumb Code   172  usartx.o(.text)
    process                                  0x0800289d   Thumb Code   658  usartx.o(.text)
    USART3_IRQHandler                        0x08002b2f   Thumb Code    46  usartx.o(.text)
    USART2_IRQHandler                        0x08002b5d   Thumb Code    36  usartx.o(.text)
    uart2_init                               0x08002b81   Thumb Code   256  usartx.o(.text)
    usart3_send                              0x08002c81   Thumb Code    22  usartx.o(.text)
    delay_osschedlock                        0x08002ca1   Thumb Code     8  delay.o(.text)
    delay_osschedunlock                      0x08002ca9   Thumb Code     8  delay.o(.text)
    delay_ostimedly                          0x08002cb1   Thumb Code    12  delay.o(.text)
    SysTick_Handler                          0x08002cbd   Thumb Code    24  delay.o(.text)
    delay_init                               0x08002cd5   Thumb Code    76  delay.o(.text)
    delay_us                                 0x08002d21   Thumb Code    84  delay.o(.text)
    delay_ms                                 0x08002d75   Thumb Code    66  delay.o(.text)
    _sys_exit                                0x08002dc9   Thumb Code     4  usart.o(.text)
    fputc                                    0x08002dcd   Thumb Code    22  usart.o(.text)
    uart_init                                0x08002de3   Thumb Code   164  usart.o(.text)
    USART1_IRQHandler                        0x08002e87   Thumb Code   130  usart.o(.text)
    Reset_Handler                            0x08002f19   Thumb Code     8  startup_stm32f40_41xxx.o(.text)
    ADC_IRQHandler                           0x08002f33   Thumb Code     0  startup_stm32f40_41xxx.o(.text)
    CAN1_RX0_IRQHandler                      0x08002f33   Thumb Code     0  startup_stm32f40_41xxx.o(.text)
    CAN1_RX1_IRQHandler                      0x08002f33   Thumb Code     0  startup_stm32f40_41xxx.o(.text)
    CAN1_SCE_IRQHandler                      0x08002f33   Thumb Code     0  startup_stm32f40_41xxx.o(.text)
    CAN1_TX_IRQHandler                       0x08002f33   Thumb Code     0  startup_stm32f40_41xxx.o(.text)
    CAN2_RX0_IRQHandler                      0x08002f33   Thumb Code     0  startup_stm32f40_41xxx.o(.text)
    CAN2_RX1_IRQHandler                      0x08002f33   Thumb Code     0  startup_stm32f40_41xxx.o(.text)
    CAN2_SCE_IRQHandler                      0x08002f33   Thumb Code     0  startup_stm32f40_41xxx.o(.text)
    CAN2_TX_IRQHandler                       0x08002f33   Thumb Code     0  startup_stm32f40_41xxx.o(.text)
    CRYP_IRQHandler                          0x08002f33   Thumb Code     0  startup_stm32f40_41xxx.o(.text)
    DCMI_IRQHandler                          0x08002f33   Thumb Code     0  startup_stm32f40_41xxx.o(.text)
    DMA1_Stream0_IRQHandler                  0x08002f33   Thumb Code     0  startup_stm32f40_41xxx.o(.text)
    DMA1_Stream1_IRQHandler                  0x08002f33   Thumb Code     0  startup_stm32f40_41xxx.o(.text)
    DMA1_Stream2_IRQHandler                  0x08002f33   Thumb Code     0  startup_stm32f40_41xxx.o(.text)
    DMA1_Stream3_IRQHandler                  0x08002f33   Thumb Code     0  startup_stm32f40_41xxx.o(.text)
    DMA1_Stream4_IRQHandler                  0x08002f33   Thumb Code     0  startup_stm32f40_41xxx.o(.text)
    DMA1_Stream5_IRQHandler                  0x08002f33   Thumb Code     0  startup_stm32f40_41xxx.o(.text)
    DMA1_Stream6_IRQHandler                  0x08002f33   Thumb Code     0  startup_stm32f40_41xxx.o(.text)
    DMA1_Stream7_IRQHandler                  0x08002f33   Thumb Code     0  startup_stm32f40_41xxx.o(.text)
    DMA2_Stream0_IRQHandler                  0x08002f33   Thumb Code     0  startup_stm32f40_41xxx.o(.text)
    DMA2_Stream1_IRQHandler                  0x08002f33   Thumb Code     0  startup_stm32f40_41xxx.o(.text)
    DMA2_Stream2_IRQHandler                  0x08002f33   Thumb Code     0  startup_stm32f40_41xxx.o(.text)
    DMA2_Stream3_IRQHandler                  0x08002f33   Thumb Code     0  startup_stm32f40_41xxx.o(.text)
    DMA2_Stream4_IRQHandler                  0x08002f33   Thumb Code     0  startup_stm32f40_41xxx.o(.text)
    DMA2_Stream5_IRQHandler                  0x08002f33   Thumb Code     0  startup_stm32f40_41xxx.o(.text)
    DMA2_Stream6_IRQHandler                  0x08002f33   Thumb Code     0  startup_stm32f40_41xxx.o(.text)
    DMA2_Stream7_IRQHandler                  0x08002f33   Thumb Code     0  startup_stm32f40_41xxx.o(.text)
    ETH_IRQHandler                           0x08002f33   Thumb Code     0  startup_stm32f40_41xxx.o(.text)
    ETH_WKUP_IRQHandler                      0x08002f33   Thumb Code     0  startup_stm32f40_41xxx.o(.text)
    EXTI0_IRQHandler                         0x08002f33   Thumb Code     0  startup_stm32f40_41xxx.o(.text)
    EXTI15_10_IRQHandler                     0x08002f33   Thumb Code     0  startup_stm32f40_41xxx.o(.text)
    EXTI1_IRQHandler                         0x08002f33   Thumb Code     0  startup_stm32f40_41xxx.o(.text)
    EXTI2_IRQHandler                         0x08002f33   Thumb Code     0  startup_stm32f40_41xxx.o(.text)
    EXTI3_IRQHandler                         0x08002f33   Thumb Code     0  startup_stm32f40_41xxx.o(.text)
    EXTI4_IRQHandler                         0x08002f33   Thumb Code     0  startup_stm32f40_41xxx.o(.text)
    EXTI9_5_IRQHandler                       0x08002f33   Thumb Code     0  startup_stm32f40_41xxx.o(.text)
    FLASH_IRQHandler                         0x08002f33   Thumb Code     0  startup_stm32f40_41xxx.o(.text)
    FPU_IRQHandler                           0x08002f33   Thumb Code     0  startup_stm32f40_41xxx.o(.text)
    FSMC_IRQHandler                          0x08002f33   Thumb Code     0  startup_stm32f40_41xxx.o(.text)
    HASH_RNG_IRQHandler                      0x08002f33   Thumb Code     0  startup_stm32f40_41xxx.o(.text)
    I2C1_ER_IRQHandler                       0x08002f33   Thumb Code     0  startup_stm32f40_41xxx.o(.text)
    I2C1_EV_IRQHandler                       0x08002f33   Thumb Code     0  startup_stm32f40_41xxx.o(.text)
    I2C2_ER_IRQHandler                       0x08002f33   Thumb Code     0  startup_stm32f40_41xxx.o(.text)
    I2C2_EV_IRQHandler                       0x08002f33   Thumb Code     0  startup_stm32f40_41xxx.o(.text)
    I2C3_ER_IRQHandler                       0x08002f33   Thumb Code     0  startup_stm32f40_41xxx.o(.text)
    I2C3_EV_IRQHandler                       0x08002f33   Thumb Code     0  startup_stm32f40_41xxx.o(.text)
    OTG_FS_IRQHandler                        0x08002f33   Thumb Code     0  startup_stm32f40_41xxx.o(.text)
    OTG_FS_WKUP_IRQHandler                   0x08002f33   Thumb Code     0  startup_stm32f40_41xxx.o(.text)
    OTG_HS_EP1_IN_IRQHandler                 0x08002f33   Thumb Code     0  startup_stm32f40_41xxx.o(.text)
    OTG_HS_EP1_OUT_IRQHandler                0x08002f33   Thumb Code     0  startup_stm32f40_41xxx.o(.text)
    OTG_HS_IRQHandler                        0x08002f33   Thumb Code     0  startup_stm32f40_41xxx.o(.text)
    OTG_HS_WKUP_IRQHandler                   0x08002f33   Thumb Code     0  startup_stm32f40_41xxx.o(.text)
    PVD_IRQHandler                           0x08002f33   Thumb Code     0  startup_stm32f40_41xxx.o(.text)
    RCC_IRQHandler                           0x08002f33   Thumb Code     0  startup_stm32f40_41xxx.o(.text)
    RTC_Alarm_IRQHandler                     0x08002f33   Thumb Code     0  startup_stm32f40_41xxx.o(.text)
    RTC_WKUP_IRQHandler                      0x08002f33   Thumb Code     0  startup_stm32f40_41xxx.o(.text)
    SDIO_IRQHandler                          0x08002f33   Thumb Code     0  startup_stm32f40_41xxx.o(.text)
    SPI1_IRQHandler                          0x08002f33   Thumb Code     0  startup_stm32f40_41xxx.o(.text)
    SPI2_IRQHandler                          0x08002f33   Thumb Code     0  startup_stm32f40_41xxx.o(.text)
    SPI3_IRQHandler                          0x08002f33   Thumb Code     0  startup_stm32f40_41xxx.o(.text)
    TAMP_STAMP_IRQHandler                    0x08002f33   Thumb Code     0  startup_stm32f40_41xxx.o(.text)
    TIM1_BRK_TIM9_IRQHandler                 0x08002f33   Thumb Code     0  startup_stm32f40_41xxx.o(.text)
    TIM1_CC_IRQHandler                       0x08002f33   Thumb Code     0  startup_stm32f40_41xxx.o(.text)
    TIM1_TRG_COM_TIM11_IRQHandler            0x08002f33   Thumb Code     0  startup_stm32f40_41xxx.o(.text)
    TIM1_UP_TIM10_IRQHandler                 0x08002f33   Thumb Code     0  startup_stm32f40_41xxx.o(.text)
    TIM4_IRQHandler                          0x08002f33   Thumb Code     0  startup_stm32f40_41xxx.o(.text)
    TIM7_IRQHandler                          0x08002f33   Thumb Code     0  startup_stm32f40_41xxx.o(.text)
    TIM8_BRK_TIM12_IRQHandler                0x08002f33   Thumb Code     0  startup_stm32f40_41xxx.o(.text)
    TIM8_CC_IRQHandler                       0x08002f33   Thumb Code     0  startup_stm32f40_41xxx.o(.text)
    TIM8_UP_TIM13_IRQHandler                 0x08002f33   Thumb Code     0  startup_stm32f40_41xxx.o(.text)
    UART4_IRQHandler                         0x08002f33   Thumb Code     0  startup_stm32f40_41xxx.o(.text)
    UART5_IRQHandler                         0x08002f33   Thumb Code     0  startup_stm32f40_41xxx.o(.text)
    USART6_IRQHandler                        0x08002f33   Thumb Code     0  startup_stm32f40_41xxx.o(.text)
    WWDG_IRQHandler                          0x08002f33   Thumb Code     0  startup_stm32f40_41xxx.o(.text)
    __user_initial_stackheap                 0x08002f35   Thumb Code     0  startup_stm32f40_41xxx.o(.text)
    NVIC_PriorityGroupConfig                 0x08002f59   Thumb Code    10  misc.o(.text)
    NVIC_Init                                0x08002f63   Thumb Code   106  misc.o(.text)
    NVIC_SetVectorTable                      0x08002fcd   Thumb Code    14  misc.o(.text)
    NVIC_SystemLPConfig                      0x08002fdb   Thumb Code    34  misc.o(.text)
    SysTick_CLKSourceConfig                  0x08002ffd   Thumb Code    40  misc.o(.text)
    GPIO_DeInit                              0x08003039   Thumb Code   268  stm32f4xx_gpio.o(.text)
    GPIO_Init                                0x08003145   Thumb Code   144  stm32f4xx_gpio.o(.text)
    GPIO_StructInit                          0x080031d5   Thumb Code    18  stm32f4xx_gpio.o(.text)
    GPIO_PinLockConfig                       0x080031e7   Thumb Code    34  stm32f4xx_gpio.o(.text)
    GPIO_ReadInputDataBit                    0x08003209   Thumb Code    18  stm32f4xx_gpio.o(.text)
    GPIO_ReadInputData                       0x0800321b   Thumb Code     8  stm32f4xx_gpio.o(.text)
    GPIO_ReadOutputDataBit                   0x08003223   Thumb Code    18  stm32f4xx_gpio.o(.text)
    GPIO_ReadOutputData                      0x08003235   Thumb Code     8  stm32f4xx_gpio.o(.text)
    GPIO_SetBits                             0x0800323d   Thumb Code     4  stm32f4xx_gpio.o(.text)
    GPIO_ResetBits                           0x08003241   Thumb Code     4  stm32f4xx_gpio.o(.text)
    GPIO_WriteBit                            0x08003245   Thumb Code    10  stm32f4xx_gpio.o(.text)
    GPIO_Write                               0x0800324f   Thumb Code     4  stm32f4xx_gpio.o(.text)
    GPIO_ToggleBits                          0x08003253   Thumb Code     8  stm32f4xx_gpio.o(.text)
    GPIO_PinAFConfig                         0x0800325b   Thumb Code    70  stm32f4xx_gpio.o(.text)
    RCC_DeInit                               0x080032cd   Thumb Code    82  stm32f4xx_rcc.o(.text)
    RCC_HSEConfig                            0x0800331f   Thumb Code    14  stm32f4xx_rcc.o(.text)
    RCC_GetFlagStatus                        0x0800332d   Thumb Code    60  stm32f4xx_rcc.o(.text)
    RCC_WaitForHSEStartUp                    0x08003369   Thumb Code    56  stm32f4xx_rcc.o(.text)
    RCC_AdjustHSICalibrationValue            0x080033a1   Thumb Code    20  stm32f4xx_rcc.o(.text)
    RCC_HSICmd                               0x080033b5   Thumb Code     6  stm32f4xx_rcc.o(.text)
    RCC_LSEConfig                            0x080033bb   Thumb Code    46  stm32f4xx_rcc.o(.text)
    RCC_LSICmd                               0x080033e9   Thumb Code     6  stm32f4xx_rcc.o(.text)
    RCC_PLLConfig                            0x080033ef   Thumb Code    32  stm32f4xx_rcc.o(.text)
    RCC_PLLCmd                               0x0800340f   Thumb Code     6  stm32f4xx_rcc.o(.text)
    RCC_PLLI2SConfig                         0x08003415   Thumb Code    14  stm32f4xx_rcc.o(.text)
    RCC_PLLI2SCmd                            0x08003423   Thumb Code     6  stm32f4xx_rcc.o(.text)
    RCC_PLLSAIConfig                         0x08003429   Thumb Code    20  stm32f4xx_rcc.o(.text)
    RCC_PLLSAICmd                            0x0800343d   Thumb Code     6  stm32f4xx_rcc.o(.text)
    RCC_ClockSecuritySystemCmd               0x08003443   Thumb Code     6  stm32f4xx_rcc.o(.text)
    RCC_MCO1Config                           0x08003449   Thumb Code    28  stm32f4xx_rcc.o(.text)
    RCC_MCO2Config                           0x08003465   Thumb Code    28  stm32f4xx_rcc.o(.text)
    RCC_SYSCLKConfig                         0x08003481   Thumb Code    20  stm32f4xx_rcc.o(.text)
    RCC_GetSYSCLKSource                      0x08003495   Thumb Code    12  stm32f4xx_rcc.o(.text)
    RCC_HCLKConfig                           0x080034a1   Thumb Code    20  stm32f4xx_rcc.o(.text)
    RCC_PCLK1Config                          0x080034b5   Thumb Code    20  stm32f4xx_rcc.o(.text)
    RCC_PCLK2Config                          0x080034c9   Thumb Code    22  stm32f4xx_rcc.o(.text)
    RCC_GetClocksFreq                        0x080034df   Thumb Code   222  stm32f4xx_rcc.o(.text)
    RCC_RTCCLKConfig                         0x080035bd   Thumb Code    54  stm32f4xx_rcc.o(.text)
    RCC_RTCCLKCmd                            0x080035f3   Thumb Code     8  stm32f4xx_rcc.o(.text)
    RCC_BackupResetCmd                       0x080035fb   Thumb Code     8  stm32f4xx_rcc.o(.text)
    RCC_I2SCLKConfig                         0x08003603   Thumb Code     6  stm32f4xx_rcc.o(.text)
    RCC_SAIPLLI2SClkDivConfig                0x08003609   Thumb Code    26  stm32f4xx_rcc.o(.text)
    RCC_SAIPLLSAIClkDivConfig                0x08003623   Thumb Code    28  stm32f4xx_rcc.o(.text)
    RCC_SAIBlockACLKConfig                   0x0800363f   Thumb Code    20  stm32f4xx_rcc.o(.text)
    RCC_SAIBlockBCLKConfig                   0x08003653   Thumb Code    20  stm32f4xx_rcc.o(.text)
    RCC_LTDCCLKDivConfig                     0x08003667   Thumb Code    20  stm32f4xx_rcc.o(.text)
    RCC_TIMCLKPresConfig                     0x0800367b   Thumb Code     6  stm32f4xx_rcc.o(.text)
    RCC_AHB1PeriphClockCmd                   0x08003681   Thumb Code    34  stm32f4xx_rcc.o(.text)
    RCC_AHB2PeriphClockCmd                   0x080036a3   Thumb Code    78  stm32f4xx_rcc.o(.text)
    RCC_AHB3PeriphClockCmd                   0x080036f1   Thumb Code    34  stm32f4xx_rcc.o(.text)
    RCC_APB1PeriphClockCmd                   0x08003713   Thumb Code    34  stm32f4xx_rcc.o(.text)
    RCC_APB2PeriphClockCmd                   0x08003735   Thumb Code    34  stm32f4xx_rcc.o(.text)
    RCC_AHB1PeriphResetCmd                   0x08003757   Thumb Code    34  stm32f4xx_rcc.o(.text)
    RCC_AHB2PeriphResetCmd                   0x08003779   Thumb Code    34  stm32f4xx_rcc.o(.text)
    RCC_AHB3PeriphResetCmd                   0x0800379b   Thumb Code    34  stm32f4xx_rcc.o(.text)
    RCC_APB1PeriphResetCmd                   0x080037bd   Thumb Code    34  stm32f4xx_rcc.o(.text)
    RCC_APB2PeriphResetCmd                   0x080037df   Thumb Code    34  stm32f4xx_rcc.o(.text)
    RCC_AHB1PeriphClockLPModeCmd             0x08003801   Thumb Code    34  stm32f4xx_rcc.o(.text)
    RCC_AHB2PeriphClockLPModeCmd             0x08003823   Thumb Code    34  stm32f4xx_rcc.o(.text)
    RCC_AHB3PeriphClockLPModeCmd             0x08003845   Thumb Code    34  stm32f4xx_rcc.o(.text)
    RCC_APB1PeriphClockLPModeCmd             0x08003867   Thumb Code    34  stm32f4xx_rcc.o(.text)
    RCC_APB2PeriphClockLPModeCmd             0x08003889   Thumb Code    34  stm32f4xx_rcc.o(.text)
    RCC_LSEModeConfig                        0x080038ab   Thumb Code    40  stm32f4xx_rcc.o(.text)
    RCC_ITConfig                             0x080038d3   Thumb Code    34  stm32f4xx_rcc.o(.text)
    RCC_ClearFlag                            0x080038f5   Thumb Code    18  stm32f4xx_rcc.o(.text)
    RCC_GetITStatus                          0x08003907   Thumb Code    22  stm32f4xx_rcc.o(.text)
    RCC_ClearITPendingBit                    0x0800391d   Thumb Code     8  stm32f4xx_rcc.o(.text)
    USART_DeInit                             0x08003929   Thumb Code   206  stm32f4xx_usart.o(.text)
    USART_Init                               0x080039f7   Thumb Code   204  stm32f4xx_usart.o(.text)
    USART_StructInit                         0x08003ac3   Thumb Code    24  stm32f4xx_usart.o(.text)
    USART_ClockInit                          0x08003adb   Thumb Code    32  stm32f4xx_usart.o(.text)
    USART_ClockStructInit                    0x08003afb   Thumb Code    12  stm32f4xx_usart.o(.text)
    USART_Cmd                                0x08003b07   Thumb Code    24  stm32f4xx_usart.o(.text)
    USART_SetPrescaler                       0x08003b1f   Thumb Code    16  stm32f4xx_usart.o(.text)
    USART_OverSampling8Cmd                   0x08003b2f   Thumb Code    22  stm32f4xx_usart.o(.text)
    USART_OneBitMethodCmd                    0x08003b45   Thumb Code    24  stm32f4xx_usart.o(.text)
    USART_SendData                           0x08003b5d   Thumb Code     8  stm32f4xx_usart.o(.text)
    USART_ReceiveData                        0x08003b65   Thumb Code    10  stm32f4xx_usart.o(.text)
    USART_SetAddress                         0x08003b6f   Thumb Code    18  stm32f4xx_usart.o(.text)
    USART_ReceiverWakeUpCmd                  0x08003b81   Thumb Code    24  stm32f4xx_usart.o(.text)
    USART_WakeUpConfig                       0x08003b99   Thumb Code    18  stm32f4xx_usart.o(.text)
    USART_LINBreakDetectLengthConfig         0x08003bab   Thumb Code    18  stm32f4xx_usart.o(.text)
    USART_LINCmd                             0x08003bbd   Thumb Code    24  stm32f4xx_usart.o(.text)
    USART_SendBreak                          0x08003bd5   Thumb Code    10  stm32f4xx_usart.o(.text)
    USART_HalfDuplexCmd                      0x08003bdf   Thumb Code    24  stm32f4xx_usart.o(.text)
    USART_SetGuardTime                       0x08003bf7   Thumb Code    16  stm32f4xx_usart.o(.text)
    USART_SmartCardCmd                       0x08003c07   Thumb Code    24  stm32f4xx_usart.o(.text)
    USART_SmartCardNACKCmd                   0x08003c1f   Thumb Code    24  stm32f4xx_usart.o(.text)
    USART_IrDAConfig                         0x08003c37   Thumb Code    18  stm32f4xx_usart.o(.text)
    USART_IrDACmd                            0x08003c49   Thumb Code    24  stm32f4xx_usart.o(.text)
    USART_DMACmd                             0x08003c61   Thumb Code    18  stm32f4xx_usart.o(.text)
    USART_ITConfig                           0x08003c73   Thumb Code    74  stm32f4xx_usart.o(.text)
    USART_GetFlagStatus                      0x08003cbd   Thumb Code    26  stm32f4xx_usart.o(.text)
    USART_ClearFlag                          0x08003cd7   Thumb Code    18  stm32f4xx_usart.o(.text)
    USART_GetITStatus                        0x08003ce9   Thumb Code   118  stm32f4xx_usart.o(.text)
    USART_ClearITPendingBit                  0x08003d5f   Thumb Code    30  stm32f4xx_usart.o(.text)
    ADC_DeInit                               0x08003d7d   Thumb Code    22  stm32f4xx_adc.o(.text)
    ADC_Init                                 0x08003d93   Thumb Code    74  stm32f4xx_adc.o(.text)
    ADC_StructInit                           0x08003ddd   Thumb Code    20  stm32f4xx_adc.o(.text)
    ADC_CommonInit                           0x08003df1   Thumb Code    34  stm32f4xx_adc.o(.text)
    ADC_CommonStructInit                     0x08003e13   Thumb Code    12  stm32f4xx_adc.o(.text)
    ADC_Cmd                                  0x08003e1f   Thumb Code    22  stm32f4xx_adc.o(.text)
    ADC_AnalogWatchdogCmd                    0x08003e35   Thumb Code    16  stm32f4xx_adc.o(.text)
    ADC_AnalogWatchdogThresholdsConfig       0x08003e45   Thumb Code     6  stm32f4xx_adc.o(.text)
    ADC_AnalogWatchdogSingleChannelConfig    0x08003e4b   Thumb Code    16  stm32f4xx_adc.o(.text)
    ADC_TempSensorVrefintCmd                 0x08003e5b   Thumb Code    34  stm32f4xx_adc.o(.text)
    ADC_VBATCmd                              0x08003e7d   Thumb Code    34  stm32f4xx_adc.o(.text)
    ADC_RegularChannelConfig                 0x08003e9f   Thumb Code   184  stm32f4xx_adc.o(.text)
    ADC_SoftwareStartConv                    0x08003f57   Thumb Code    10  stm32f4xx_adc.o(.text)
    ADC_GetSoftwareStartConvStatus           0x08003f61   Thumb Code    20  stm32f4xx_adc.o(.text)
    ADC_EOCOnEachRegularChannelCmd           0x08003f75   Thumb Code    22  stm32f4xx_adc.o(.text)
    ADC_ContinuousModeCmd                    0x08003f8b   Thumb Code    22  stm32f4xx_adc.o(.text)
    ADC_DiscModeChannelCountConfig           0x08003fa1   Thumb Code    24  stm32f4xx_adc.o(.text)
    ADC_DiscModeCmd                          0x08003fb9   Thumb Code    22  stm32f4xx_adc.o(.text)
    ADC_GetConversionValue                   0x08003fcf   Thumb Code     8  stm32f4xx_adc.o(.text)
    ADC_GetMultiModeConversionValue          0x08003fd7   Thumb Code     8  stm32f4xx_adc.o(.text)
    ADC_DMACmd                               0x08003fdf   Thumb Code    22  stm32f4xx_adc.o(.text)
    ADC_DMARequestAfterLastTransferCmd       0x08003ff5   Thumb Code    22  stm32f4xx_adc.o(.text)
    ADC_MultiModeDMARequestAfterLastTransferCmd 0x0800400b   Thumb Code    34  stm32f4xx_adc.o(.text)
    ADC_InjectedChannelConfig                0x0800402d   Thumb Code   130  stm32f4xx_adc.o(.text)
    ADC_InjectedSequencerLengthConfig        0x080040af   Thumb Code    24  stm32f4xx_adc.o(.text)
    ADC_SetInjectedOffset                    0x080040c7   Thumb Code    20  stm32f4xx_adc.o(.text)
    ADC_ExternalTrigInjectedConvConfig       0x080040db   Thumb Code    16  stm32f4xx_adc.o(.text)
    ADC_ExternalTrigInjectedConvEdgeConfig   0x080040eb   Thumb Code    16  stm32f4xx_adc.o(.text)
    ADC_SoftwareStartInjectedConv            0x080040fb   Thumb Code    10  stm32f4xx_adc.o(.text)
    ADC_GetSoftwareStartInjectedConvCmdStatus 0x08004105   Thumb Code    20  stm32f4xx_adc.o(.text)
    ADC_AutoInjectedConvCmd                  0x08004119   Thumb Code    22  stm32f4xx_adc.o(.text)
    ADC_InjectedDiscModeCmd                  0x0800412f   Thumb Code    22  stm32f4xx_adc.o(.text)
    ADC_GetInjectedConversionValue           0x08004145   Thumb Code    28  stm32f4xx_adc.o(.text)
    ADC_ITConfig                             0x08004161   Thumb Code    56  stm32f4xx_adc.o(.text)
    ADC_GetFlagStatus                        0x08004199   Thumb Code    18  stm32f4xx_adc.o(.text)
    ADC_ClearFlag                            0x080041ab   Thumb Code     6  stm32f4xx_adc.o(.text)
    ADC_GetITStatus                          0x080041b1   Thumb Code    38  stm32f4xx_adc.o(.text)
    ADC_ClearITPendingBit                    0x080041d7   Thumb Code    10  stm32f4xx_adc.o(.text)
    DMA_DeInit                               0x080041e1   Thumb Code   324  stm32f4xx_dma.o(.text)
    DMA_Init                                 0x08004325   Thumb Code    82  stm32f4xx_dma.o(.text)
    DMA_StructInit                           0x08004377   Thumb Code    34  stm32f4xx_dma.o(.text)
    DMA_Cmd                                  0x08004399   Thumb Code    22  stm32f4xx_dma.o(.text)
    DMA_PeriphIncOffsetSizeConfig            0x080043af   Thumb Code    22  stm32f4xx_dma.o(.text)
    DMA_FlowControllerConfig                 0x080043c5   Thumb Code    22  stm32f4xx_dma.o(.text)
    DMA_SetCurrDataCounter                   0x080043db   Thumb Code     4  stm32f4xx_dma.o(.text)
    DMA_GetCurrDataCounter                   0x080043df   Thumb Code     8  stm32f4xx_dma.o(.text)
    DMA_DoubleBufferModeConfig               0x080043e7   Thumb Code    24  stm32f4xx_dma.o(.text)
    DMA_DoubleBufferModeCmd                  0x080043ff   Thumb Code    22  stm32f4xx_dma.o(.text)
    DMA_MemoryTargetConfig                   0x08004415   Thumb Code    10  stm32f4xx_dma.o(.text)
    DMA_GetCurrentMemoryTarget               0x0800441f   Thumb Code    20  stm32f4xx_dma.o(.text)
    DMA_GetCmdStatus                         0x08004433   Thumb Code    20  stm32f4xx_dma.o(.text)
    DMA_GetFIFOStatus                        0x08004447   Thumb Code    12  stm32f4xx_dma.o(.text)
    DMA_GetFlagStatus                        0x08004453   Thumb Code    56  stm32f4xx_dma.o(.text)
    DMA_ClearFlag                            0x0800448b   Thumb Code    40  stm32f4xx_dma.o(.text)
    DMA_ITConfig                             0x080044b3   Thumb Code    58  stm32f4xx_dma.o(.text)
    DMA_GetITStatus                          0x080044ed   Thumb Code    84  stm32f4xx_dma.o(.text)
    DMA_ClearITPendingBit                    0x08004541   Thumb Code    40  stm32f4xx_dma.o(.text)
    TIM_DeInit                               0x08004589   Thumb Code   346  stm32f4xx_tim.o(.text)
    TIM_TimeBaseInit                         0x080046e3   Thumb Code   104  stm32f4xx_tim.o(.text)
    TIM_TimeBaseStructInit                   0x0800474b   Thumb Code    18  stm32f4xx_tim.o(.text)
    TIM_PrescalerConfig                      0x0800475d   Thumb Code     6  stm32f4xx_tim.o(.text)
    TIM_CounterModeConfig                    0x08004763   Thumb Code    18  stm32f4xx_tim.o(.text)
    TIM_SetCounter                           0x08004775   Thumb Code     4  stm32f4xx_tim.o(.text)
    TIM_SetAutoreload                        0x08004779   Thumb Code     4  stm32f4xx_tim.o(.text)
    TIM_GetCounter                           0x0800477d   Thumb Code     6  stm32f4xx_tim.o(.text)
    TIM_GetPrescaler                         0x08004783   Thumb Code     6  stm32f4xx_tim.o(.text)
    TIM_UpdateDisableConfig                  0x08004789   Thumb Code    24  stm32f4xx_tim.o(.text)
    TIM_UpdateRequestConfig                  0x080047a1   Thumb Code    24  stm32f4xx_tim.o(.text)
    TIM_ARRPreloadConfig                     0x080047b9   Thumb Code    24  stm32f4xx_tim.o(.text)
    TIM_SelectOnePulseMode                   0x080047d1   Thumb Code    18  stm32f4xx_tim.o(.text)
    TIM_SetClockDivision                     0x080047e3   Thumb Code    18  stm32f4xx_tim.o(.text)
    TIM_Cmd                                  0x080047f5   Thumb Code    24  stm32f4xx_tim.o(.text)
    TIM_OC1Init                              0x0800480d   Thumb Code   114  stm32f4xx_tim.o(.text)
    TIM_OC2Init                              0x0800487f   Thumb Code   154  stm32f4xx_tim.o(.text)
    TIM_OC3Init                              0x08004919   Thumb Code   204  stm32f4xx_tim.o(.text)
    TIM_OC4Init                              0x080049e5   Thumb Code   112  stm32f4xx_tim.o(.text)
    TIM_OCStructInit                         0x08004a55   Thumb Code    20  stm32f4xx_tim.o(.text)
    TIM_SelectOCxM                           0x08004a69   Thumb Code    86  stm32f4xx_tim.o(.text)
    TIM_SetCompare1                          0x08004abf   Thumb Code     4  stm32f4xx_tim.o(.text)
    TIM_SetCompare2                          0x08004ac3   Thumb Code     4  stm32f4xx_tim.o(.text)
    TIM_SetCompare3                          0x08004ac7   Thumb Code     4  stm32f4xx_tim.o(.text)
    TIM_SetCompare4                          0x08004acb   Thumb Code     4  stm32f4xx_tim.o(.text)
    TIM_ForcedOC1Config                      0x08004acf   Thumb Code    18  stm32f4xx_tim.o(.text)
    TIM_ForcedOC2Config                      0x08004ae1   Thumb Code    26  stm32f4xx_tim.o(.text)
    TIM_ForcedOC3Config                      0x08004afb   Thumb Code    18  stm32f4xx_tim.o(.text)
    TIM_ForcedOC4Config                      0x08004b0d   Thumb Code    26  stm32f4xx_tim.o(.text)
    TIM_OC1PreloadConfig                     0x08004b27   Thumb Code    18  stm32f4xx_tim.o(.text)
    TIM_OC2PreloadConfig                     0x08004b39   Thumb Code    26  stm32f4xx_tim.o(.text)
    TIM_OC3PreloadConfig                     0x08004b53   Thumb Code    18  stm32f4xx_tim.o(.text)
    TIM_OC4PreloadConfig                     0x08004b65   Thumb Code    26  stm32f4xx_tim.o(.text)
    TIM_OC1FastConfig                        0x08004b7f   Thumb Code    18  stm32f4xx_tim.o(.text)
    TIM_OC2FastConfig                        0x08004b91   Thumb Code    26  stm32f4xx_tim.o(.text)
    TIM_OC3FastConfig                        0x08004bab   Thumb Code    18  stm32f4xx_tim.o(.text)
    TIM_OC4FastConfig                        0x08004bbd   Thumb Code    26  stm32f4xx_tim.o(.text)
    TIM_ClearOC1Ref                          0x08004bd7   Thumb Code    18  stm32f4xx_tim.o(.text)
    TIM_ClearOC2Ref                          0x08004be9   Thumb Code    24  stm32f4xx_tim.o(.text)
    TIM_ClearOC3Ref                          0x08004c01   Thumb Code    18  stm32f4xx_tim.o(.text)
    TIM_ClearOC4Ref                          0x08004c13   Thumb Code    24  stm32f4xx_tim.o(.text)
    TIM_OC1PolarityConfig                    0x08004c2b   Thumb Code    18  stm32f4xx_tim.o(.text)
    TIM_OC1NPolarityConfig                   0x08004c3d   Thumb Code    18  stm32f4xx_tim.o(.text)
    TIM_OC2PolarityConfig                    0x08004c4f   Thumb Code    26  stm32f4xx_tim.o(.text)
    TIM_OC2NPolarityConfig                   0x08004c69   Thumb Code    26  stm32f4xx_tim.o(.text)
    TIM_OC3PolarityConfig                    0x08004c83   Thumb Code    26  stm32f4xx_tim.o(.text)
    TIM_OC3NPolarityConfig                   0x08004c9d   Thumb Code    26  stm32f4xx_tim.o(.text)
    TIM_OC4PolarityConfig                    0x08004cb7   Thumb Code    26  stm32f4xx_tim.o(.text)
    TIM_CCxCmd                               0x08004cd1   Thumb Code    30  stm32f4xx_tim.o(.text)
    TIM_CCxNCmd                              0x08004cef   Thumb Code    30  stm32f4xx_tim.o(.text)
    TIM_SetIC4Prescaler                      0x08004d0d   Thumb Code    26  stm32f4xx_tim.o(.text)
    TIM_SetIC3Prescaler                      0x08004d77   Thumb Code    18  stm32f4xx_tim.o(.text)
    TIM_SetIC2Prescaler                      0x08004dd1   Thumb Code    26  stm32f4xx_tim.o(.text)
    TIM_SetIC1Prescaler                      0x08004e45   Thumb Code    18  stm32f4xx_tim.o(.text)
    TIM_ICInit                               0x08004e91   Thumb Code   110  stm32f4xx_tim.o(.text)
    TIM_ICStructInit                         0x08004eff   Thumb Code    18  stm32f4xx_tim.o(.text)
    TIM_PWMIConfig                           0x08004f11   Thumb Code   124  stm32f4xx_tim.o(.text)
    TIM_GetCapture1                          0x08004f8d   Thumb Code     6  stm32f4xx_tim.o(.text)
    TIM_GetCapture2                          0x08004f93   Thumb Code     6  stm32f4xx_tim.o(.text)
    TIM_GetCapture3                          0x08004f99   Thumb Code     6  stm32f4xx_tim.o(.text)
    TIM_GetCapture4                          0x08004f9f   Thumb Code     6  stm32f4xx_tim.o(.text)
    TIM_BDTRConfig                           0x08004fa5   Thumb Code    32  stm32f4xx_tim.o(.text)
    TIM_BDTRStructInit                       0x08004fc5   Thumb Code    18  stm32f4xx_tim.o(.text)
    TIM_CtrlPWMOutputs                       0x08004fd7   Thumb Code    30  stm32f4xx_tim.o(.text)
    TIM_SelectCOM                            0x08004ff5   Thumb Code    24  stm32f4xx_tim.o(.text)
    TIM_CCPreloadControl                     0x0800500d   Thumb Code    24  stm32f4xx_tim.o(.text)
    TIM_ITConfig                             0x08005025   Thumb Code    18  stm32f4xx_tim.o(.text)
    TIM_GenerateEvent                        0x08005037   Thumb Code     4  stm32f4xx_tim.o(.text)
    TIM_GetFlagStatus                        0x0800503b   Thumb Code    18  stm32f4xx_tim.o(.text)
    TIM_ClearFlag                            0x0800504d   Thumb Code     6  stm32f4xx_tim.o(.text)
    TIM_GetITStatus                          0x08005053   Thumb Code    34  stm32f4xx_tim.o(.text)
    TIM_ClearITPendingBit                    0x08005075   Thumb Code     6  stm32f4xx_tim.o(.text)
    TIM_DMAConfig                            0x0800507b   Thumb Code    10  stm32f4xx_tim.o(.text)
    TIM_DMACmd                               0x08005085   Thumb Code    18  stm32f4xx_tim.o(.text)
    TIM_SelectCCDMA                          0x08005097   Thumb Code    24  stm32f4xx_tim.o(.text)
    TIM_InternalClockConfig                  0x080050af   Thumb Code    12  stm32f4xx_tim.o(.text)
    TIM_SelectInputTrigger                   0x080050bb   Thumb Code    18  stm32f4xx_tim.o(.text)
    TIM_ITRxExternalClockConfig              0x080050cd   Thumb Code    24  stm32f4xx_tim.o(.text)
    TIM_TIxExternalClockConfig               0x080050e5   Thumb Code    62  stm32f4xx_tim.o(.text)
    TIM_ETRConfig                            0x08005123   Thumb Code    28  stm32f4xx_tim.o(.text)
    TIM_ETRClockMode1Config                  0x0800513f   Thumb Code    54  stm32f4xx_tim.o(.text)
    TIM_ETRClockMode2Config                  0x08005175   Thumb Code    32  stm32f4xx_tim.o(.text)
    TIM_SelectOutputTrigger                  0x08005195   Thumb Code    18  stm32f4xx_tim.o(.text)
    TIM_SelectSlaveMode                      0x080051a7   Thumb Code    18  stm32f4xx_tim.o(.text)
    TIM_SelectMasterSlaveMode                0x080051b9   Thumb Code    18  stm32f4xx_tim.o(.text)
    TIM_EncoderInterfaceConfig               0x080051cb   Thumb Code    66  stm32f4xx_tim.o(.text)
    TIM_SelectHallSensor                     0x0800520d   Thumb Code    24  stm32f4xx_tim.o(.text)
    TIM_RemapConfig                          0x08005225   Thumb Code     6  stm32f4xx_tim.o(.text)
    OS_TaskStatStkChk                        0x0800522d   Thumb Code    54  os_core.o(.text)
    OS_TaskStat                              0x08005263   Thumb Code   116  os_core.o(.text)
    OS_TaskIdle                              0x0800530b   Thumb Code    34  os_core.o(.text)
    OS_MemClr                                0x08005361   Thumb Code    18  os_core.o(.text)
    OSInit                                   0x0800547f   Thumb Code    44  os_core.o(.text)
    OSIntEnter                               0x080054ab   Thumb Code    28  os_core.o(.text)
    OSIntExit                                0x080054e1   Thumb Code   112  os_core.o(.text)
    OSSchedLock                              0x08005551   Thumb Code    50  os_core.o(.text)
    OS_Sched                                 0x08005583   Thumb Code    88  os_core.o(.text)
    OSSchedUnlock                            0x080055db   Thumb Code   238  os_core.o(.text)
    OSStart                                  0x080056c9   Thumb Code    48  os_core.o(.text)
    OSStatInit                               0x080056f9   Thumb Code    62  os_core.o(.text)
    OSTimeTick                               0x08005737   Thumb Code   210  os_core.o(.text)
    OSVersion                                0x08005809   Thumb Code     6  os_core.o(.text)
    OS_Dummy                                 0x0800580f   Thumb Code     2  os_core.o(.text)
    OS_EventTaskRemove                       0x08005811   Thumb Code    42  os_core.o(.text)
    OS_EventTaskRdy                          0x0800583b   Thumb Code   114  os_core.o(.text)
    OS_EventTaskWait                         0x080058ad   Thumb Code   112  os_core.o(.text)
    OS_EventWaitListInit                     0x0800591d   Thumb Code    28  os_core.o(.text)
    OS_MemCopy                               0x08005939   Thumb Code    20  os_core.o(.text)
    OS_StrLen                                0x0800594d   Thumb Code    20  os_core.o(.text)
    OS_TCBInit                               0x08005961   Thumb Code   280  os_core.o(.text)
    OSFlagAccept                             0x08005abd   Thumb Code   252  os_flag.o(.text)
    OSFlagCreate                             0x08005bb9   Thumb Code    86  os_flag.o(.text)
    OS_FlagUnlink                            0x08005c0f   Thumb Code    36  os_flag.o(.text)
    OSFlagDel                                0x08005c85   Thumb Code   214  os_flag.o(.text)
    OSFlagNameGet                            0x08005d5b   Thumb Code    80  os_flag.o(.text)
    OSFlagNameSet                            0x08005dab   Thumb Code    66  os_flag.o(.text)
    OSFlagPend                               0x08005e85   Thumb Code   614  os_flag.o(.text)
    OSFlagPendGetFlagsRdy                    0x080060eb   Thumb Code    26  os_flag.o(.text)
    OSFlagPost                               0x08006105   Thumb Code   312  os_flag.o(.text)
    OSFlagQuery                              0x0800623d   Thumb Code    48  os_flag.o(.text)
    OS_FlagInit                              0x0800626d   Thumb Code    78  os_flag.o(.text)
    OSQAccept                                0x080062c9   Thumb Code    88  os_q.o(.text)
    OSQCreate                                0x08006321   Thumb Code   140  os_q.o(.text)
    OSQDel                                   0x080063ad   Thumb Code   236  os_q.o(.text)
    OSQFlush                                 0x08006499   Thumb Code    36  os_q.o(.text)
    OSQPend                                  0x080064bd   Thumb Code   272  os_q.o(.text)
    OSQPendAbort                             0x080065cd   Thumb Code   128  os_q.o(.text)
    OSQPost                                  0x0800664d   Thumb Code   114  os_q.o(.text)
    OSQPostFront                             0x080066bf   Thumb Code   136  os_q.o(.text)
    OSQPostOpt                               0x08006747   Thumb Code   182  os_q.o(.text)
    OSQQuery                                 0x080067fd   Thumb Code    98  os_q.o(.text)
    OS_QInit                                 0x0800685f   Thumb Code    72  os_q.o(.text)
    OSTaskChangePrio                         0x080068b1   Thumb Code   308  os_task.o(.text)
    OSTaskCreate                             0x080069e5   Thumb Code   148  os_task.o(.text)
    OS_TaskStkClr                            0x08006a79   Thumb Code    26  os_task.o(.text)
    OSTaskCreateExt                          0x08006a93   Thumb Code   170  os_task.o(.text)
    OSTaskDel                                0x08006b3d   Thumb Code   294  os_task.o(.text)
    OSTaskDelReq                             0x08006c63   Thumb Code   144  os_task.o(.text)
    OSTaskNameGet                            0x08006cf3   Thumb Code   114  os_task.o(.text)
    OSTaskNameSet                            0x08006d65   Thumb Code    98  os_task.o(.text)
    OSTaskResume                             0x08006dc7   Thumb Code   154  os_task.o(.text)
    OSTaskStkChk                             0x08006e61   Thumb Code   132  os_task.o(.text)
    OSTaskSuspend                            0x08006ee5   Thumb Code   152  os_task.o(.text)
    OSTaskQuery                              0x08006f7d   Thumb Code    82  os_task.o(.text)
    OSTaskRegGet                             0x08006fcf   Thumb Code    60  os_task.o(.text)
    OSTaskRegSet                             0x0800700b   Thumb Code    62  os_task.o(.text)
    OS_TaskReturn                            0x08007049   Thumb Code    18  os_task.o(.text)
    OSTimeDly                                0x08007075   Thumb Code   100  os_time.o(.text)
    OSTimeDlyHMSM                            0x080070d9   Thumb Code    86  os_time.o(.text)
    OSTimeDlyResume                          0x0800712f   Thumb Code   168  os_time.o(.text)
    OSTimeGet                                0x080071d7   Thumb Code    24  os_time.o(.text)
    OSTimeSet                                0x080071ef   Thumb Code    24  os_time.o(.text)
    OSInitHookBegin                          0x08007225   Thumb Code     2  os_cpu_c.o(.text)
    OSInitHookEnd                            0x08007227   Thumb Code     2  os_cpu_c.o(.text)
    OSTaskCreateHook                         0x08007229   Thumb Code     2  os_cpu_c.o(.text)
    OSTaskDelHook                            0x0800722b   Thumb Code     2  os_cpu_c.o(.text)
    OSTaskIdleHook                           0x0800722d   Thumb Code     2  os_cpu_c.o(.text)
    OSTaskStatHook                           0x0800722f   Thumb Code     2  os_cpu_c.o(.text)
    OSTaskStkInit                            0x08007231   Thumb Code   426  os_cpu_c.o(.text)
    OSTaskSwHook                             0x080073db   Thumb Code     2  os_cpu_c.o(.text)
    OSTCBInitHook                            0x080073dd   Thumb Code     2  os_cpu_c.o(.text)
    OSTimeTickHook                           0x080073df   Thumb Code     2  os_cpu_c.o(.text)
    OSTaskReturnHook                         0x080073e1   Thumb Code     2  os_cpu_c.o(.text)
    OS_CPU_SR_Save                           0x080073e9   Thumb Code     0  os_cpu_a.o(.text)
    OS_CPU_SR_Restore                        0x080073f1   Thumb Code     0  os_cpu_a.o(.text)
    OSStartHighRdy                           0x080073f7   Thumb Code     0  os_cpu_a.o(.text)
    OSCtxSw                                  0x0800741b   Thumb Code     0  os_cpu_a.o(.text)
    OSIntCtxSw                               0x08007429   Thumb Code     0  os_cpu_a.o(.text)
    PendSV_Handler                           0x08007439   Thumb Code     0  os_cpu_a.o(.text)
    __use_no_semihosting                     0x080074b1   Thumb Code     2  use_no_semi_2.o(.text)
    __use_two_region_memory                  0x080074b3   Thumb Code     2  heapauxi.o(.text)
    __rt_heap_escrow$2region                 0x080074b5   Thumb Code     2  heapauxi.o(.text)
    __rt_heap_expand$2region                 0x080074b7   Thumb Code     2  heapauxi.o(.text)
    __I$use$semihosting                      0x080074b9   Thumb Code     0  use_no_semi.o(.text)
    __use_no_semihosting_swi                 0x080074b9   Thumb Code     2  use_no_semi.o(.text)
    __read_errno                             0x080074bb   Thumb Code    10  _rserrno.o(.text)
    __set_errno                              0x080074c5   Thumb Code    12  _rserrno.o(.text)
    __aeabi_errno_addr                       0x080074d1   Thumb Code     8  rt_errno_addr_intlibspace.o(.text)
    __errno$intlibspace                      0x080074d1   Thumb Code     0  rt_errno_addr_intlibspace.o(.text)
    __rt_errno_addr$intlibspace              0x080074d1   Thumb Code     0  rt_errno_addr_intlibspace.o(.text)
    __user_libspace                          0x080074d9   Thumb Code     8  libspace.o(.text)
    __user_perproc_libspace                  0x080074d9   Thumb Code     0  libspace.o(.text)
    __user_perthread_libspace                0x080074d9   Thumb Code     0  libspace.o(.text)
    __user_setup_stackheap                   0x080074e1   Thumb Code    74  sys_stackheap_outer.o(.text)
    exit                                     0x0800752b   Thumb Code    18  exit.o(.text)
    __ARM_fpclassify                         0x0800753d   Thumb Code    48  fpclassify.o(i.__ARM_fpclassify)
    __hardfp_acos                            0x08007571   Thumb Code   738  acos.o(i.__hardfp_acos)
    __hardfp_atan                            0x080078c9   Thumb Code   622  atan.o(i.__hardfp_atan)
    __hardfp_cos                             0x08007ba1   Thumb Code   180  cos.o(i.__hardfp_cos)
    __hardfp_fabs                            0x08007c69   Thumb Code    20  fabs.o(i.__hardfp_fabs)
    __hardfp_fmod                            0x08007c7d   Thumb Code   254  fmod.o(i.__hardfp_fmod)
    __hardfp_pow                             0x08007d81   Thumb Code  3072  pow.o(i.__hardfp_pow)
    __hardfp_sin                             0x080089d1   Thumb Code   180  sin.o(i.__hardfp_sin)
    __hardfp_sqrt                            0x08008a99   Thumb Code   122  sqrt.o(i.__hardfp_sqrt)
    __ieee754_rem_pio2                       0x08008b19   Thumb Code   938  rred.o(i.__ieee754_rem_pio2)
    __kernel_cos                             0x08008f51   Thumb Code   322  cos_i.o(i.__kernel_cos)
    __kernel_poly                            0x080090c1   Thumb Code   248  poly.o(i.__kernel_poly)
    __kernel_sin                             0x080091b9   Thumb Code   280  sin_i.o(i.__kernel_sin)
    __mathlib_dbl_divzero                    0x080092e9   Thumb Code    28  dunder.o(i.__mathlib_dbl_divzero)
    __mathlib_dbl_infnan                     0x08009319   Thumb Code    20  dunder.o(i.__mathlib_dbl_infnan)
    __mathlib_dbl_infnan2                    0x0800932d   Thumb Code    20  dunder.o(i.__mathlib_dbl_infnan2)
    __mathlib_dbl_invalid                    0x08009341   Thumb Code    24  dunder.o(i.__mathlib_dbl_invalid)
    __mathlib_dbl_overflow                   0x08009361   Thumb Code    24  dunder.o(i.__mathlib_dbl_overflow)
    __mathlib_dbl_underflow                  0x08009381   Thumb Code    24  dunder.o(i.__mathlib_dbl_underflow)
    fabs                                     0x080093a1   Thumb Code    24  fabs.o(i.fabs)
    sqrt                                     0x080093b9   Thumb Code   110  sqrt.o(i.sqrt)
    __aeabi_dneg                             0x08009427   Thumb Code     0  basic.o(x$fpl$basic)
    _dneg                                    0x08009427   Thumb Code     6  basic.o(x$fpl$basic)
    __aeabi_fneg                             0x0800942d   Thumb Code     0  basic.o(x$fpl$basic)
    _fneg                                    0x0800942d   Thumb Code     6  basic.o(x$fpl$basic)
    _dabs                                    0x08009433   Thumb Code     6  basic.o(x$fpl$basic)
    _fabs                                    0x08009439   Thumb Code     6  basic.o(x$fpl$basic)
    __aeabi_d2f                              0x08009441   Thumb Code     0  d2f.o(x$fpl$d2f)
    _d2f                                     0x08009441   Thumb Code    98  d2f.o(x$fpl$d2f)
    __aeabi_dadd                             0x080094a5   Thumb Code     0  daddsub_clz.o(x$fpl$dadd)
    _dadd                                    0x080094a5   Thumb Code   332  daddsub_clz.o(x$fpl$dadd)
    __fpl_dcheck_NaN1                        0x080095f5   Thumb Code    10  dcheck1.o(x$fpl$dcheck1)
    __fpl_dcmp_Inf                           0x08009605   Thumb Code    24  dcmpi.o(x$fpl$dcmpinf)
    __aeabi_ddiv                             0x0800961d   Thumb Code     0  ddiv.o(x$fpl$ddiv)
    _ddiv                                    0x0800961d   Thumb Code   552  ddiv.o(x$fpl$ddiv)
    __aeabi_d2iz                             0x080098cd   Thumb Code     0  dfix.o(x$fpl$dfix)
    _dfix                                    0x080098cd   Thumb Code    94  dfix.o(x$fpl$dfix)
    __aeabi_i2d                              0x0800992b   Thumb Code     0  dflt_clz.o(x$fpl$dflt)
    _dflt                                    0x0800992b   Thumb Code    46  dflt_clz.o(x$fpl$dflt)
    __aeabi_ui2d                             0x08009959   Thumb Code     0  dflt_clz.o(x$fpl$dfltu)
    _dfltu                                   0x08009959   Thumb Code    38  dflt_clz.o(x$fpl$dfltu)
    __aeabi_cdcmple                          0x08009981   Thumb Code     0  dleqf.o(x$fpl$dleqf)
    _dcmple                                  0x08009981   Thumb Code   120  dleqf.o(x$fpl$dleqf)
    __fpl_dcmple_InfNaN                      0x080099e3   Thumb Code     0  dleqf.o(x$fpl$dleqf)
    __aeabi_dmul                             0x080099f9   Thumb Code     0  dmul.o(x$fpl$dmul)
    _dmul                                    0x080099f9   Thumb Code   332  dmul.o(x$fpl$dmul)
    __fpl_dnaninf                            0x08009b4d   Thumb Code   156  dnaninf.o(x$fpl$dnaninf)
    _drem                                    0x08009be9   Thumb Code   328  drem_clz.o(x$fpl$drem)
    __fpl_dretinf                            0x08009d39   Thumb Code    12  dretinf.o(x$fpl$dretinf)
    __aeabi_cdrcmple                         0x08009d45   Thumb Code     0  drleqf.o(x$fpl$drleqf)
    _drcmple                                 0x08009d45   Thumb Code   108  drleqf.o(x$fpl$drleqf)
    __aeabi_drsub                            0x08009db1   Thumb Code     0  daddsub_clz.o(x$fpl$drsb)
    _drsb                                    0x08009db1   Thumb Code    22  daddsub_clz.o(x$fpl$drsb)
    _dsqrt                                   0x08009dc9   Thumb Code   404  dsqrt_umaal.o(x$fpl$dsqrt)
    __aeabi_dsub                             0x08009f61   Thumb Code     0  daddsub_clz.o(x$fpl$dsub)
    _dsub                                    0x08009f61   Thumb Code   464  daddsub_clz.o(x$fpl$dsub)
    __aeabi_f2d                              0x0800a135   Thumb Code     0  f2d.o(x$fpl$f2d)
    _f2d                                     0x0800a135   Thumb Code    86  f2d.o(x$fpl$f2d)
    __fpl_fnaninf                            0x0800a18b   Thumb Code   140  fnaninf.o(x$fpl$fnaninf)
    _fp_init                                 0x0800a217   Thumb Code    10  fpinit.o(x$fpl$fpinit)
    __fplib_config_fpu_vfp                   0x0800a21f   Thumb Code     0  fpinit.o(x$fpl$fpinit)
    __fplib_config_pureend_doubles           0x0800a21f   Thumb Code     0  fpinit.o(x$fpl$fpinit)
    __fpl_fretinf                            0x0800a221   Thumb Code    10  fretinf.o(x$fpl$fretinf)
    __fpl_return_NaN                         0x0800a22b   Thumb Code   100  retnan.o(x$fpl$retnan)
    __ARM_scalbn                             0x0800a28f   Thumb Code    92  scalbn.o(x$fpl$scalbn)
    __fpl_cmpreturn                          0x0800a2eb   Thumb Code    48  trapv.o(x$fpl$trapveneer)
    OSUnMapTbl                               0x0800a31a   Data         256  os_core.o(.constdata)
    __I$use$fp                               0x0800a31a   Number         0  usenofp.o(x$fpl$usenofp)
    __mathlib_zero                           0x0800a5c0   Data           8  qnan.o(.constdata)
    Region$$Table$$Base                      0x0800a6b8   Number         0  anon$$obj.o(Region$$Table)
    Region$$Table$$Limit                     0x0800a6d8   Number         0  anon$$obj.o(Region$$Table)
    SystemCoreClock                          0x20000000   Data           4  system_stm32f4xx.o(.data)
    AHBPrescTable                            0x20000004   Data          16  system_stm32f4xx.o(.data)
    PD12                                     0x20000014   Data           1  auto.o(.data)
    PC14                                     0x20000015   Data           1  auto.o(.data)
    a1                                       0x20000016   Data           2  auto.o(.data)
    a2                                       0x20000018   Data           2  auto.o(.data)
    a3                                       0x2000001a   Data           2  auto.o(.data)
    a4                                       0x2000001c   Data           2  auto.o(.data)
    flag                                     0x20000020   Data           4  auto.o(.data)
    n                                        0x20000024   Data           4  auto.o(.data)
    nobias                                   0x20000028   Data           4  auto.o(.data)
    speedtest                                0x2000002c   Data           4  auto.o(.data)
    delta_theta                              0x20000030   Data           4  pwm.o(.data)
    theta                                    0x20000034   Data           4  pwm.o(.data)
    vl                                       0x20000038   Data           4  pwm.o(.data)
    vr                                       0x2000003c   Data           4  pwm.o(.data)
    frequence                                0x20000040   Data           4  pwm.o(.data)
    l                                        0x20000044   Data           4  pwm.o(.data)
    trans1                                   0x20000048   Data           4  pwm.o(.data)
    trans2                                   0x2000004c   Data           4  pwm.o(.data)
    dis_motor                                0x20000050   Data           4  pwm.o(.data)
    a                                        0x20000054   Data           4  pwm.o(.data)
    b                                        0x20000058   Data           4  pwm.o(.data)
    x                                        0x2000005c   Data           4  pwm.o(.data)
    y                                        0x20000060   Data           4  pwm.o(.data)
    x0                                       0x20000064   Data           4  pwm.o(.data)
    y0                                       0x20000068   Data           4  pwm.o(.data)
    x_tran                                   0x2000006c   Data           4  pwm.o(.data)
    y_tran                                   0x20000070   Data           4  pwm.o(.data)
    xl                                       0x20000074   Data           4  pwm.o(.data)
    xr                                       0x20000078   Data           4  pwm.o(.data)
    xl_tran                                  0x2000007c   Data           4  pwm.o(.data)
    xr_tran                                  0x20000080   Data           4  pwm.o(.data)
    left_out                                 0x20000084   Data           4  pwm.o(.data)
    right_out                                0x20000088   Data           4  pwm.o(.data)
    dl_target                                0x2000008c   Data           4  pwm.o(.data)
    dr_target                                0x20000090   Data           4  pwm.o(.data)
    pos_flag                                 0x20000094   Data           4  pwm.o(.data)
    all                                      0x20000098   Data           4  pwm.o(.data)
    Position_KP                              0x2000009c   Data           4  simulate.o(.data)
    Position_KI                              0x200000a0   Data           4  simulate.o(.data)
    Position_KD                              0x200000a4   Data           4  simulate.o(.data)
    Theta_KP                                 0x200000a8   Data           4  simulate.o(.data)
    Theta_KI                                 0x200000ac   Data           4  simulate.o(.data)
    Theta_KD                                 0x200000b0   Data           4  simulate.o(.data)
    pwmtest                                  0x200000b4   Data           4  simulate.o(.data)
    turnflag                                 0x200000b8   Data           4  simulate.o(.data)
    bias                                     0x200000bc   Data           4  simulate.o(.data)
    turntheta                                0x200000c0   Data           4  simulate.o(.data)
    xtarget                                  0x200000c4   Data           4  simulate.o(.data)
    ytarget                                  0x200000c8   Data           4  simulate.o(.data)
    Res                                      0x20000124   Data           1  usartx.o(.data)
    Yuyin                                    0x20000125   Data           1  usartx.o(.data)
    x_data                                   0x20000126   Data           4  usartx.o(.data)
    x_index                                  0x2000012c   Data           4  usartx.o(.data)
    y_data                                   0x20000130   Data           4  usartx.o(.data)
    y_index                                  0x20000134   Data           4  usartx.o(.data)
    Adjust_res                               0x20000138   Data           1  usartx.o(.data)
    x_flag                                   0x2000013c   Data           4  usartx.o(.data)
    y_flag                                   0x20000140   Data           4  usartx.o(.data)
    xtest                                    0x20000144   Data           4  usartx.o(.data)
    ytest                                    0x20000148   Data           4  usartx.o(.data)
    goready                                  0x2000014c   Data           4  usartx.o(.data)
    x_fuhao                                  0x20000150   Data           4  usartx.o(.data)
    y_fuhao                                  0x20000154   Data           4  usartx.o(.data)
    __stdout                                 0x2000015c   Data           4  usart.o(.data)
    USART_RX_STA                             0x20000160   Data           2  usart.o(.data)
    OSCtxSwCtr                               0x20000174   Data           4  os_core.o(.data)
    OSEventFreeList                          0x20000178   Data           4  os_core.o(.data)
    OSFlagFreeList                           0x2000017c   Data           4  os_core.o(.data)
    OSCPUUsage                               0x20000180   Data           1  os_core.o(.data)
    OSIdleCtrMax                             0x20000184   Data           4  os_core.o(.data)
    OSIdleCtrRun                             0x20000188   Data           4  os_core.o(.data)
    OSStatRdy                                0x2000018c   Data           1  os_core.o(.data)
    OSIntNesting                             0x2000018d   Data           1  os_core.o(.data)
    OSLockNesting                            0x2000018e   Data           1  os_core.o(.data)
    OSPrioCur                                0x2000018f   Data           1  os_core.o(.data)
    OSPrioHighRdy                            0x20000190   Data           1  os_core.o(.data)
    OSRdyGrp                                 0x20000191   Data           1  os_core.o(.data)
    OSRdyTbl                                 0x20000192   Data           8  os_core.o(.data)
    OSRunning                                0x2000019a   Data           1  os_core.o(.data)
    OSTaskCtr                                0x2000019b   Data           1  os_core.o(.data)
    OSIdleCtr                                0x2000019c   Data           4  os_core.o(.data)
    OSTCBCur                                 0x200001a0   Data           4  os_core.o(.data)
    OSTCBFreeList                            0x200001a4   Data           4  os_core.o(.data)
    OSTCBHighRdy                             0x200001a8   Data           4  os_core.o(.data)
    OSTCBList                                0x200001ac   Data           4  os_core.o(.data)
    OSTickStepState                          0x200001b0   Data           1  os_core.o(.data)
    OSQFreeList                              0x200001b4   Data           4  os_core.o(.data)
    OSTime                                   0x200001b8   Data           4  os_core.o(.data)
    START_TASK_STK                           0x200001bc   Data         256  main.o(.bss)
    SEND_TASK_STK                            0x200002bc   Data         256  main.o(.bss)
    AUTO_TASK_STK                            0x200003bc   Data        1024  main.o(.bss)
    CHECK_TASK_STK                           0x200007bc   Data        1024  main.o(.bss)
    REC_TASK_STK                             0x20000bbc   Data        1024  main.o(.bss)
    GO_TASK_STK                              0x20000fbc   Data        1024  main.o(.bss)
    YUYIN_TASK_STK                           0x200013bc   Data        1024  main.o(.bss)
    ADC_ConvertedValue                       0x200017bc   Data          20  adc.o(.bss)
    USART_RX_BUF                             0x200017d0   Data         200  usart.o(.bss)
    OSEventTbl                               0x20001898   Data         200  os_core.o(.bss)
    OSFlagTbl                                0x20001960   Data          80  os_core.o(.bss)
    OSTaskStatStk                            0x200019b0   Data         512  os_core.o(.bss)
    OSTaskIdleStk                            0x20001bb0   Data         512  os_core.o(.bss)
    OSTCBPrioTbl                             0x20001db0   Data         256  os_core.o(.bss)
    OSTCBTbl                                 0x20001eb0   Data        1008  os_core.o(.bss)
    OSQTbl                                   0x200022a0   Data         120  os_core.o(.bss)
    __libspace_start                         0x20002318   Data          96  libspace.o(.bss)
    __temporary_stack_top$libspace           0x20002378   Data           0  libspace.o(.bss)



==============================================================================

Memory Map of the image

  Image Entry point : 0x08000189

  Load Region LR_IROM1 (Base: 0x08000000, Size: 0x0000a894, Max: 0x00080000, ABSOLUTE, COMPRESSED[0x0000a724])

    Execution Region ER_IROM1 (Exec base: 0x08000000, Load base: 0x08000000, Size: 0x0000a6d8, Max: 0x00080000, ABSOLUTE)

    Exec Addr    Load Addr    Size         Type   Attr      Idx    E Section Name        Object

    0x08000000   0x08000000   0x00000188   Data   RO          629    RESET               startup_stm32f40_41xxx.o
    0x08000188   0x08000188   0x00000008   Code   RO         1031  * !!!main             c_w.l(__main.o)
    0x08000190   0x08000190   0x00000034   Code   RO         1379    !!!scatter          c_w.l(__scatter.o)
    0x080001c4   0x080001c4   0x0000003a   Code   RO         1377    !!dczerorl          c_w.l(__dczerorl.o)
    0x080001fe   0x080001fe   0x00000002   PAD
    0x08000200   0x08000200   0x0000001c   Code   RO         1381    !!handler_zi        c_w.l(__scatter_zi.o)
    0x0800021c   0x0800021c   0x00000002   Code   RO         1250    .ARM.Collect$$libinit$$00000000  c_w.l(libinit.o)
    0x0800021e   0x0800021e   0x00000004   Code   RO         1255    .ARM.Collect$$libinit$$00000001  c_w.l(libinit2.o)
    0x08000222   0x08000222   0x00000000   Code   RO         1258    .ARM.Collect$$libinit$$00000004  c_w.l(libinit2.o)
    0x08000222   0x08000222   0x00000000   Code   RO         1261    .ARM.Collect$$libinit$$0000000A  c_w.l(libinit2.o)
    0x08000222   0x08000222   0x00000000   Code   RO         1263    .ARM.Collect$$libinit$$0000000C  c_w.l(libinit2.o)
    0x08000222   0x08000222   0x00000000   Code   RO         1265    .ARM.Collect$$libinit$$0000000E  c_w.l(libinit2.o)
    0x08000222   0x08000222   0x00000000   Code   RO         1268    .ARM.Collect$$libinit$$00000011  c_w.l(libinit2.o)
    0x08000222   0x08000222   0x00000000   Code   RO         1270    .ARM.Collect$$libinit$$00000013  c_w.l(libinit2.o)
    0x08000222   0x08000222   0x00000000   Code   RO         1272    .ARM.Collect$$libinit$$00000015  c_w.l(libinit2.o)
    0x08000222   0x08000222   0x00000000   Code   RO         1274    .ARM.Collect$$libinit$$00000017  c_w.l(libinit2.o)
    0x08000222   0x08000222   0x00000000   Code   RO         1276    .ARM.Collect$$libinit$$00000019  c_w.l(libinit2.o)
    0x08000222   0x08000222   0x00000000   Code   RO         1278    .ARM.Collect$$libinit$$0000001B  c_w.l(libinit2.o)
    0x08000222   0x08000222   0x00000000   Code   RO         1280    .ARM.Collect$$libinit$$0000001D  c_w.l(libinit2.o)
    0x08000222   0x08000222   0x00000000   Code   RO         1282    .ARM.Collect$$libinit$$0000001F  c_w.l(libinit2.o)
    0x08000222   0x08000222   0x00000000   Code   RO         1284    .ARM.Collect$$libinit$$00000021  c_w.l(libinit2.o)
    0x08000222   0x08000222   0x00000000   Code   RO         1286    .ARM.Collect$$libinit$$00000023  c_w.l(libinit2.o)
    0x08000222   0x08000222   0x00000000   Code   RO         1288    .ARM.Collect$$libinit$$00000025  c_w.l(libinit2.o)
    0x08000222   0x08000222   0x00000000   Code   RO         1292    .ARM.Collect$$libinit$$0000002C  c_w.l(libinit2.o)
    0x08000222   0x08000222   0x00000000   Code   RO         1294    .ARM.Collect$$libinit$$0000002E  c_w.l(libinit2.o)
    0x08000222   0x08000222   0x00000000   Code   RO         1296    .ARM.Collect$$libinit$$00000030  c_w.l(libinit2.o)
    0x08000222   0x08000222   0x00000000   Code   RO         1298    .ARM.Collect$$libinit$$00000032  c_w.l(libinit2.o)
    0x08000222   0x08000222   0x00000002   Code   RO         1299    .ARM.Collect$$libinit$$00000033  c_w.l(libinit2.o)
    0x08000224   0x08000224   0x00000002   Code   RO         1319    .ARM.Collect$$libshutdown$$00000000  c_w.l(libshutdown.o)
    0x08000226   0x08000226   0x00000000   Code   RO         1329    .ARM.Collect$$libshutdown$$00000002  c_w.l(libshutdown2.o)
    0x08000226   0x08000226   0x00000000   Code   RO         1331    .ARM.Collect$$libshutdown$$00000004  c_w.l(libshutdown2.o)
    0x08000226   0x08000226   0x00000000   Code   RO         1334    .ARM.Collect$$libshutdown$$00000007  c_w.l(libshutdown2.o)
    0x08000226   0x08000226   0x00000000   Code   RO         1337    .ARM.Collect$$libshutdown$$0000000A  c_w.l(libshutdown2.o)
    0x08000226   0x08000226   0x00000000   Code   RO         1339    .ARM.Collect$$libshutdown$$0000000C  c_w.l(libshutdown2.o)
    0x08000226   0x08000226   0x00000000   Code   RO         1342    .ARM.Collect$$libshutdown$$0000000F  c_w.l(libshutdown2.o)
    0x08000226   0x08000226   0x00000002   Code   RO         1343    .ARM.Collect$$libshutdown$$00000010  c_w.l(libshutdown2.o)
    0x08000228   0x08000228   0x00000000   Code   RO         1161    .ARM.Collect$$rtentry$$00000000  c_w.l(__rtentry.o)
    0x08000228   0x08000228   0x00000000   Code   RO         1215    .ARM.Collect$$rtentry$$00000002  c_w.l(__rtentry2.o)
    0x08000228   0x08000228   0x00000006   Code   RO         1227    .ARM.Collect$$rtentry$$00000004  c_w.l(__rtentry4.o)
    0x0800022e   0x0800022e   0x00000000   Code   RO         1217    .ARM.Collect$$rtentry$$00000009  c_w.l(__rtentry2.o)
    0x0800022e   0x0800022e   0x00000004   Code   RO         1218    .ARM.Collect$$rtentry$$0000000A  c_w.l(__rtentry2.o)
    0x08000232   0x08000232   0x00000000   Code   RO         1220    .ARM.Collect$$rtentry$$0000000C  c_w.l(__rtentry2.o)
    0x08000232   0x08000232   0x00000008   Code   RO         1221    .ARM.Collect$$rtentry$$0000000D  c_w.l(__rtentry2.o)
    0x0800023a   0x0800023a   0x00000002   Code   RO         1253    .ARM.Collect$$rtexit$$00000000  c_w.l(rtexit.o)
    0x0800023c   0x0800023c   0x00000000   Code   RO         1303    .ARM.Collect$$rtexit$$00000002  c_w.l(rtexit2.o)
    0x0800023c   0x0800023c   0x00000004   Code   RO         1304    .ARM.Collect$$rtexit$$00000003  c_w.l(rtexit2.o)
    0x08000240   0x08000240   0x00000006   Code   RO         1305    .ARM.Collect$$rtexit$$00000004  c_w.l(rtexit2.o)
    0x08000246   0x08000246   0x00000002   PAD
    0x08000248   0x08000248   0x00000334   Code   RO            3    .text               main.o
    0x0800057c   0x0800057c   0x00000016   Code   RO          216    .text               stm32f4xx_it.o
    0x08000592   0x08000592   0x00000002   PAD
    0x08000594   0x08000594   0x00000210   Code   RO          265    .text               system_stm32f4xx.o
    0x080007a4   0x080007a4   0x0000016c   Code   RO          352    .text               adc.o
    0x08000910   0x08000910   0x00000410   Code   RO          378    .text               auto.o
    0x08000d20   0x08000d20   0x00000208   Code   RO          435    .text               encoder.o
    0x08000f28   0x08000f28   0x00000784   Code   RO          455    .text               pwm.o
    0x080016ac   0x080016ac   0x00000eb4   Code   RO          482    .text               simulate.o
    0x08002560   0x08002560   0x00000290   Code   RO          512    .text               tb6612.o
    0x080027f0   0x080027f0   0x000004b0   Code   RO          532    .text               usartx.o
    0x08002ca0   0x08002ca0   0x00000128   Code   RO          558    .text               delay.o
    0x08002dc8   0x08002dc8   0x00000150   Code   RO          598    .text               usart.o
    0x08002f18   0x08002f18   0x00000040   Code   RO          630    .text               startup_stm32f40_41xxx.o
    0x08002f58   0x08002f58   0x000000e0   Code   RO          636    .text               misc.o
    0x08003038   0x08003038   0x00000294   Code   RO          656    .text               stm32f4xx_gpio.o
    0x080032cc   0x080032cc   0x0000065c   Code   RO          676    .text               stm32f4xx_rcc.o
    0x08003928   0x08003928   0x00000454   Code   RO          718    .text               stm32f4xx_usart.o
    0x08003d7c   0x08003d7c   0x00000464   Code   RO          738    .text               stm32f4xx_adc.o
    0x080041e0   0x080041e0   0x000003a8   Code   RO          758    .text               stm32f4xx_dma.o
    0x08004588   0x08004588   0x00000ca2   Code   RO          778    .text               stm32f4xx_tim.o
    0x0800522a   0x0800522a   0x00000002   PAD
    0x0800522c   0x0800522c   0x00000890   Code   RO          798    .text               os_core.o
    0x08005abc   0x08005abc   0x0000080c   Code   RO          826    .text               os_flag.o
    0x080062c8   0x080062c8   0x000005e8   Code   RO          900    .text               os_q.o
    0x080068b0   0x080068b0   0x000007c4   Code   RO          940    .text               os_task.o
    0x08007074   0x08007074   0x000001b0   Code   RO          960    .text               os_time.o
    0x08007224   0x08007224   0x000001c4   Code   RO          994    .text               os_cpu_c.o
    0x080073e8   0x080073e8   0x000000c8   Code   RO         1022    .text               os_cpu_a.o
    0x080074b0   0x080074b0   0x00000002   Code   RO         1027    .text               c_w.l(use_no_semi_2.o)
    0x080074b2   0x080074b2   0x00000006   Code   RO         1029    .text               c_w.l(heapauxi.o)
    0x080074b8   0x080074b8   0x00000002   Code   RO         1159    .text               c_w.l(use_no_semi.o)
    0x080074ba   0x080074ba   0x00000016   Code   RO         1162    .text               c_w.l(_rserrno.o)
    0x080074d0   0x080074d0   0x00000008   Code   RO         1232    .text               c_w.l(rt_errno_addr_intlibspace.o)
    0x080074d8   0x080074d8   0x00000008   Code   RO         1238    .text               c_w.l(libspace.o)
    0x080074e0   0x080074e0   0x0000004a   Code   RO         1241    .text               c_w.l(sys_stackheap_outer.o)
    0x0800752a   0x0800752a   0x00000012   Code   RO         1243    .text               c_w.l(exit.o)
    0x0800753c   0x0800753c   0x00000030   Code   RO         1198    i.__ARM_fpclassify  m_wm.l(fpclassify.o)
    0x0800756c   0x0800756c   0x00000004   PAD
    0x08007570   0x08007570   0x00000358   Code   RO         1063    i.__hardfp_acos     m_wm.l(acos.o)
    0x080078c8   0x080078c8   0x000002d8   Code   RO         1077    i.__hardfp_atan     m_wm.l(atan.o)
    0x08007ba0   0x08007ba0   0x000000c8   Code   RO         1091    i.__hardfp_cos      m_wm.l(cos.o)
    0x08007c68   0x08007c68   0x00000014   Code   RO         1103    i.__hardfp_fabs     m_wm.l(fabs.o)
    0x08007c7c   0x08007c7c   0x00000104   Code   RO         1109    i.__hardfp_fmod     m_wm.l(fmod.o)
    0x08007d80   0x08007d80   0x00000c50   Code   RO         1121    i.__hardfp_pow      m_wm.l(pow.o)
    0x080089d0   0x080089d0   0x000000c8   Code   RO         1135    i.__hardfp_sin      m_wm.l(sin.o)
    0x08008a98   0x08008a98   0x0000007a   Code   RO         1147    i.__hardfp_sqrt     m_wm.l(sqrt.o)
    0x08008b12   0x08008b12   0x00000006   PAD
    0x08008b18   0x08008b18   0x00000438   Code   RO         1203    i.__ieee754_rem_pio2  m_wm.l(rred.o)
    0x08008f50   0x08008f50   0x00000170   Code   RO         1181    i.__kernel_cos      m_wm.l(cos_i.o)
    0x080090c0   0x080090c0   0x000000f8   Code   RO         1200    i.__kernel_poly     m_wm.l(poly.o)
    0x080091b8   0x080091b8   0x00000130   Code   RO         1208    i.__kernel_sin      m_wm.l(sin_i.o)
    0x080092e8   0x080092e8   0x00000030   Code   RO         1184    i.__mathlib_dbl_divzero  m_wm.l(dunder.o)
    0x08009318   0x08009318   0x00000014   Code   RO         1185    i.__mathlib_dbl_infnan  m_wm.l(dunder.o)
    0x0800932c   0x0800932c   0x00000014   Code   RO         1186    i.__mathlib_dbl_infnan2  m_wm.l(dunder.o)
    0x08009340   0x08009340   0x00000020   Code   RO         1187    i.__mathlib_dbl_invalid  m_wm.l(dunder.o)
    0x08009360   0x08009360   0x00000020   Code   RO         1188    i.__mathlib_dbl_overflow  m_wm.l(dunder.o)
    0x08009380   0x08009380   0x00000020   Code   RO         1190    i.__mathlib_dbl_underflow  m_wm.l(dunder.o)
    0x080093a0   0x080093a0   0x00000018   Code   RO         1105    i.fabs              m_wm.l(fabs.o)
    0x080093b8   0x080093b8   0x0000006e   Code   RO         1149    i.sqrt              m_wm.l(sqrt.o)
    0x08009426   0x08009426   0x00000018   Code   RO         1033    x$fpl$basic         fz_wm.l(basic.o)
    0x0800943e   0x0800943e   0x00000002   PAD
    0x08009440   0x08009440   0x00000062   Code   RO         1035    x$fpl$d2f           fz_wm.l(d2f.o)
    0x080094a2   0x080094a2   0x00000002   PAD
    0x080094a4   0x080094a4   0x00000150   Code   RO         1037    x$fpl$dadd          fz_wm.l(daddsub_clz.o)
    0x080095f4   0x080095f4   0x00000010   Code   RO         1234    x$fpl$dcheck1       fz_wm.l(dcheck1.o)
    0x08009604   0x08009604   0x00000018   Code   RO         1236    x$fpl$dcmpinf       fz_wm.l(dcmpi.o)
    0x0800961c   0x0800961c   0x000002b0   Code   RO         1044    x$fpl$ddiv          fz_wm.l(ddiv.o)
    0x080098cc   0x080098cc   0x0000005e   Code   RO         1047    x$fpl$dfix          fz_wm.l(dfix.o)
    0x0800992a   0x0800992a   0x0000002e   Code   RO         1052    x$fpl$dflt          fz_wm.l(dflt_clz.o)
    0x08009958   0x08009958   0x00000026   Code   RO         1051    x$fpl$dfltu         fz_wm.l(dflt_clz.o)
    0x0800997e   0x0800997e   0x00000002   PAD
    0x08009980   0x08009980   0x00000078   Code   RO         1164    x$fpl$dleqf         fz_wm.l(dleqf.o)
    0x080099f8   0x080099f8   0x00000154   Code   RO         1057    x$fpl$dmul          fz_wm.l(dmul.o)
    0x08009b4c   0x08009b4c   0x0000009c   Code   RO         1166    x$fpl$dnaninf       fz_wm.l(dnaninf.o)
    0x08009be8   0x08009be8   0x00000150   Code   RO         1168    x$fpl$drem          fz_wm.l(drem_clz.o)
    0x08009d38   0x08009d38   0x0000000c   Code   RO         1170    x$fpl$dretinf       fz_wm.l(dretinf.o)
    0x08009d44   0x08009d44   0x0000006c   Code   RO         1059    x$fpl$drleqf        fz_wm.l(drleqf.o)
    0x08009db0   0x08009db0   0x00000016   Code   RO         1038    x$fpl$drsb          fz_wm.l(daddsub_clz.o)
    0x08009dc6   0x08009dc6   0x00000002   PAD
    0x08009dc8   0x08009dc8   0x00000198   Code   RO         1172    x$fpl$dsqrt         fz_wm.l(dsqrt_umaal.o)
    0x08009f60   0x08009f60   0x000001d4   Code   RO         1039    x$fpl$dsub          fz_wm.l(daddsub_clz.o)
    0x0800a134   0x0800a134   0x00000056   Code   RO         1061    x$fpl$f2d           fz_wm.l(f2d.o)
    0x0800a18a   0x0800a18a   0x0000008c   Code   RO         1174    x$fpl$fnaninf       fz_wm.l(fnaninf.o)
    0x0800a216   0x0800a216   0x0000000a   Code   RO         1311    x$fpl$fpinit        fz_wm.l(fpinit.o)
    0x0800a220   0x0800a220   0x0000000a   Code   RO         1176    x$fpl$fretinf       fz_wm.l(fretinf.o)
    0x0800a22a   0x0800a22a   0x00000064   Code   RO         1251    x$fpl$retnan        fz_wm.l(retnan.o)
    0x0800a28e   0x0800a28e   0x0000005c   Code   RO         1178    x$fpl$scalbn        fz_wm.l(scalbn.o)
    0x0800a2ea   0x0800a2ea   0x00000030   Code   RO         1300    x$fpl$trapveneer    fz_wm.l(trapv.o)
    0x0800a31a   0x0800a31a   0x00000000   Code   RO         1180    x$fpl$usenofp       fz_wm.l(usenofp.o)
    0x0800a31a   0x0800a31a   0x00000100   Data   RO          800    .constdata          os_core.o
    0x0800a41a   0x0800a41a   0x00000006   PAD
    0x0800a420   0x0800a420   0x00000050   Data   RO         1066    .constdata          m_wm.l(acos.o)
    0x0800a470   0x0800a470   0x00000098   Data   RO         1080    .constdata          m_wm.l(atan.o)
    0x0800a508   0x0800a508   0x00000088   Data   RO         1124    .constdata          m_wm.l(pow.o)
    0x0800a590   0x0800a590   0x00000030   Data   RO         1182    .constdata          m_wm.l(cos_i.o)
    0x0800a5c0   0x0800a5c0   0x00000008   Data   RO         1202    .constdata          m_wm.l(qnan.o)
    0x0800a5c8   0x0800a5c8   0x000000c8   Data   RO         1205    .constdata          m_wm.l(rred.o)
    0x0800a690   0x0800a690   0x00000028   Data   RO         1209    .constdata          m_wm.l(sin_i.o)
    0x0800a6b8   0x0800a6b8   0x00000020   Data   RO         1375    Region$$Table       anon$$obj.o


    Execution Region RW_IRAM1 (Exec base: 0x20000000, Load base: 0x0800a6d8, Size: 0x00002978, Max: 0x00020000, ABSOLUTE, COMPRESSED[0x0000004c])

    Exec Addr    Load Addr    Size         Type   Attr      Idx    E Section Name        Object

    0x20000000   COMPRESSED   0x00000014   Data   RW          266    .data               system_stm32f4xx.o
    0x20000014   COMPRESSED   0x0000001c   Data   RW          379    .data               auto.o
    0x20000030   COMPRESSED   0x0000006c   Data   RW          456    .data               pwm.o
    0x2000009c   COMPRESSED   0x00000088   Data   RW          483    .data               simulate.o
    0x20000124   COMPRESSED   0x00000034   Data   RW          533    .data               usartx.o
    0x20000158   COMPRESSED   0x00000004   Data   RW          559    .data               delay.o
    0x2000015c   COMPRESSED   0x00000006   Data   RW          600    .data               usart.o
    0x20000162   COMPRESSED   0x00000010   Data   RW          677    .data               stm32f4xx_rcc.o
    0x20000172   COMPRESSED   0x00000002   PAD
    0x20000174   COMPRESSED   0x00000048   Data   RW          801    .data               os_core.o
    0x200001bc        -       0x00001600   Zero   RW            4    .bss                main.o
    0x200017bc        -       0x00000014   Zero   RW          353    .bss                adc.o
    0x200017d0        -       0x000000c8   Zero   RW          599    .bss                usart.o
    0x20001898        -       0x00000a80   Zero   RW          799    .bss                os_core.o
    0x20002318        -       0x00000060   Zero   RW         1239    .bss                c_w.l(libspace.o)
    0x20002378        -       0x00000200   Zero   RW          628    HEAP                startup_stm32f40_41xxx.o
    0x20002578        -       0x00000400   Zero   RW          627    STACK               startup_stm32f40_41xxx.o


==============================================================================

Image component sizes


      Code (inc. data)   RO Data    RW Data    ZI Data      Debug   Object Name

       364         24          0          0         20       1967   adc.o
      1040         84          0         28          0       2182   auto.o
       296         18          0          4          0       2113   delay.o
       520         14          0          0          0       1895   encoder.o
       820        116          0          0       5632     321718   main.o
       224         20          0          0          0       2085   misc.o
      2192        218        256         72       2688      15795   os_core.o
       200         32          0          0          0        416   os_cpu_a.o
       452          6          0          0          0      11170   os_cpu_c.o
      2060         42          0          0          0       7488   os_flag.o
      1512         30          0          0          0       6053   os_q.o
      1988         70          0          0          0       8173   os_task.o
       432         30          0          0          0       2014   os_time.o
      1924        146          0        108          0       4220   pwm.o
      3764        364          0        136          0       6059   simulate.o
        64         26        392          0       1536        924   startup_stm32f40_41xxx.o
      1124         24          0          0          0      10958   stm32f4xx_adc.o
       936         32          0          0          0       6661   stm32f4xx_dma.o
       660         44          0          0          0       4425   stm32f4xx_gpio.o
        22          0          0          0          0       1167   stm32f4xx_it.o
      1628         52          0         16          0      13436   stm32f4xx_rcc.o
      3234         60          0          0          0      23284   stm32f4xx_tim.o
      1108         34          0          0          0       8152   stm32f4xx_usart.o
       528         46          0         20          0       2179   system_stm32f4xx.o
       656         20          0          0          0       2040   tb6612.o
       336         16          0          6        200       3718   usart.o
      1200         98          0         52          0       3559   usartx.o

    ----------------------------------------------------------------------
     29288       1666        686        444      10076     473851   Object Totals
         0          0         32          0          0          0   (incl. Generated)
         4          0          6          2          0          0   (incl. Padding)

    ----------------------------------------------------------------------

      Code (inc. data)   RO Data    RW Data    ZI Data      Debug   Library Member Name

        58          0          0          0          0          0   __dczerorl.o
         8          0          0          0          0         68   __main.o
         0          0          0          0          0          0   __rtentry.o
        12          0          0          0          0          0   __rtentry2.o
         6          0          0          0          0          0   __rtentry4.o
        52          8          0          0          0          0   __scatter.o
        28          0          0          0          0          0   __scatter_zi.o
        22          0          0          0          0        100   _rserrno.o
        18          0          0          0          0         80   exit.o
         6          0          0          0          0        152   heapauxi.o
         2          0          0          0          0          0   libinit.o
         6          0          0          0          0          0   libinit2.o
         2          0          0          0          0          0   libshutdown.o
         2          0          0          0          0          0   libshutdown2.o
         8          4          0          0         96         68   libspace.o
         8          4          0          0          0         68   rt_errno_addr_intlibspace.o
         2          0          0          0          0          0   rtexit.o
        10          0          0          0          0          0   rtexit2.o
        74          0          0          0          0         80   sys_stackheap_outer.o
         2          0          0          0          0         68   use_no_semi.o
         2          0          0          0          0         68   use_no_semi_2.o
        24          0          0          0          0        164   basic.o
        98          4          0          0          0        140   d2f.o
       826         16          0          0          0        492   daddsub_clz.o
        16          4          0          0          0        116   dcheck1.o
        24          0          0          0          0        116   dcmpi.o
       688        140          0          0          0        256   ddiv.o
        94          4          0          0          0        140   dfix.o
        84          0          0          0          0        232   dflt_clz.o
       120          4          0          0          0        140   dleqf.o
       340         12          0          0          0        152   dmul.o
       156          4          0          0          0        140   dnaninf.o
       336         12          0          0          0        136   drem_clz.o
        12          0          0          0          0        116   dretinf.o
       108          0          0          0          0        128   drleqf.o
       408         56          0          0          0        168   dsqrt_umaal.o
        86          4          0          0          0        132   f2d.o
       140          4          0          0          0        132   fnaninf.o
        10          0          0          0          0        116   fpinit.o
        10          0          0          0          0        116   fretinf.o
       100          0          0          0          0        116   retnan.o
        92          0          0          0          0        116   scalbn.o
        48          0          0          0          0        116   trapv.o
         0          0          0          0          0          0   usenofp.o
       856        118         80          0          0        288   acos.o
       728        106        152          0          0        228   atan.o
       200         20          0          0          0        164   cos.o
       368         46         48          0          0        200   cos_i.o
       184         44          0          0          0        744   dunder.o
        44          0          0          0          0        248   fabs.o
       260          6          0          0          0        144   fmod.o
        48          0          0          0          0        124   fpclassify.o
       248          0          0          0          0        152   poly.o
      3152        296        136          0          0        352   pow.o
         0          0          8          0          0          0   qnan.o
      1080        142        200          0          0        188   rred.o
       200         20          0          0          0        164   sin.o
       304         24         40          0          0        208   sin_i.o
       232          0          0          0          0        296   sqrt.o

    ----------------------------------------------------------------------
     12074       1102        664          0         96       7732   Library Totals
        22          0          0          0          0          0   (incl. Padding)

    ----------------------------------------------------------------------

      Code (inc. data)   RO Data    RW Data    ZI Data      Debug   Library Name

       328         16          0          0         96        752   c_w.l
      3820        264          0          0          0       3480   fz_wm.l
      7904        822        664          0          0       3500   m_wm.l

    ----------------------------------------------------------------------
     12074       1102        664          0         96       7732   Library Totals

    ----------------------------------------------------------------------

==============================================================================


      Code (inc. data)   RO Data    RW Data    ZI Data      Debug   

     41362       2768       1350        444      10172     471423   Grand Totals
     41362       2768       1350         76      10172     471423   ELF Image Totals (compressed)
     41362       2768       1350         76          0          0   ROM Totals

==============================================================================

    Total RO  Size (Code + RO Data)                42712 (  41.71kB)
    Total RW  Size (RW Data + ZI Data)             10616 (  10.37kB)
    Total ROM Size (Code + RO Data + RW Data)      42788 (  41.79kB)

==============================================================================

