<html>
<body>
<pre>
<h1>礦ision Build Log</h1>
<h2>Tool Versions:</h2>
IDE-Version: μVision V5.25.3.0
Copyright (C) 2018 ARM Ltd and ARM Germany GmbH. All rights reserved.
License Information: C aspar, gogu, LIC=6XJT4-F7YAY-HR3XN-YRP4W-0AQNC-2DDJL
 
Tool Versions:
Toolchain:       MDK-ARM Professional  Version: 5.18
Toolchain Path:  D:\Keil_v5\ARM\ARMCC\Bin
C Compiler:      Armcc.exe V5.06 update 1 (build 61)
Assembler:       Armasm.exe V5.06 update 1 (build 61)
Linker/Locator:  ArmLink.exe V5.06 update 1 (build 61)
Library Manager: ArmAr.exe V5.06 update 1 (build 61)
Hex Converter:   FromElf.exe V5.06 update 1 (build 61)
CPU DLL:         SARMCM3.DLL V5.18
Dialog DLL:      DCM.DLL V1.13.6.0
Target DLL:      UL2CM3.DLL V1.157.5.0
Dialog DLL:      TCM.DLL V1.14.8.0
 
<h2>Project:</h2>
D:\Desktop\资料\学习资料\STM32程序\f4核心板\2，标准例程-库函数版本\2，标准例程-库函数版本\实验42 UCOSII实验1-2-任务创建删除挂起恢复\USER\UCOS-1-2.uvprojx
Project File Date:  06/30/2024

<h2>Output:</h2>
*** Using Compiler 'V5.06 update 1 (build 61)', folder: 'D:\Keil_v5\ARM\ARMCC\Bin'
Build target 'UCOS-1-2'
compiling system_stm32f4xx.c...
compiling led.c...
compiling key.c...
compiling pwm.c...
compiling auto.c...
compiling adc.c...
compiling tb6612.c...
compiling simulate.c...
..\HARDWARE\SIMULATE\simulate.c(57): warning:  #1035-D: single-precision operand implicitly converted to double-precision
      V_out = pid_p * 
p_R + pid_i * 
i_R + pid_d * Kd_R;
..\HARDWARE\SIMULATE\simulate.c(163): warning:  #1035-D: single-precision operand implicitly converted to double-precision
      test = fmod(*theta + 3.14, 2 * 3.14);
..\HARDWARE\SIMULATE\simulate.c(167): warning:  #1035-D: single-precision operand implicitly converted to double-precision
      test -= 3.14;
..\HARDWARE\SIMULATE\simulate.c(180): warning:  #1035-D: single-precision operand implicitly converted to double-precision
  		turntheta=theta+1.57;
..\HARDWARE\SIMULATE\simulate.c(184): warning:  #1035-D: single-precision operand implicitly converted to double-precision
  		turntheta=theta-1.57;
..\HARDWARE\SIMULATE\simulate.c: 5 warnings, 0 errors
compiling delay.c...
compiling encoder.c...
compiling usartx.c...
compiling stm32f4xx_it.c...
compiling dealadc.c...
compiling beep.c...
compiling main.c...
assembling startup_stm32f40_41xxx.s...
compiling sys.c...
compiling usart.c...
compiling misc.c...
compiling stm32f4xx_gpio.c...
compiling stm32f4xx_syscfg.c...
compiling stm32f4xx_rcc.c...
compiling stm32f4xx_usart.c...
compiling stm32f4xx_adc.c...
compiling stm32f4xx_dma.c...
compiling stm32f4xx_tim.c...
compiling os_flag.c...
assembling os_cpu_a.asm...
compiling os_core.c...
compiling os_mbox.c...
compiling os_mem.c...
compiling os_mutex.c...
compiling os_q.c...
compiling os_sem.c...
compiling os_task.c...
compiling os_time.c...
compiling os_tmr.c...
compiling os_cpu_c.c...
linking...
Program Size: Code=41362 RO-data=1350 RW-data=444 ZI-data=10172  
FromELF: creating hex file...
"..\OBJ\UCOS-1-2.axf" - 0 Error(s), 5 Warning(s).

<h2>Software Packages used:</h2>

Package Vendor: Keil
                http://www.keil.com/pack/Keil.STM32F4xx_DFP.2.13.0.pack
                Keil.STM32F4xx_DFP.2.13.0
                STMicroelectronics STM32F4 Series Device Support, Drivers and Examples

<h2>Collection of Component include folders:</h2>
  .\RTE\_UCOS-1-2
  D:\Keil_v5\ARM\PACK\Keil\STM32F4xx_DFP\2.13.0\Drivers\CMSIS\Device\ST\STM32F4xx\Include

<h2>Collection of Component Files used:</h2>
Build Time Elapsed:  00:00:04
</pre>
</body>
</html>
